Archive member included to satisfy reference by file (symbol)

/home/gecko/Ac6/SystemWorkbench/plugins/fr.ac6.mcu.externaltools.arm-none.linux64_1.16.0.201807130628/tools/compiler/bin/../lib/gcc/arm-none-eabi/7.2.1/../../../../arm-none-eabi/lib/thumb/v7-m/libc_nano.a(lib_a-exit.o)
                              /home/gecko/Ac6/SystemWorkbench/plugins/fr.ac6.mcu.externaltools.arm-none.linux64_1.16.0.201807130628/tools/compiler/bin/../lib/gcc/arm-none-eabi/7.2.1/../../../../arm-none-eabi/lib/thumb/v7-m/crt0.o (exit)
/home/gecko/Ac6/SystemWorkbench/plugins/fr.ac6.mcu.externaltools.arm-none.linux64_1.16.0.201807130628/tools/compiler/bin/../lib/gcc/arm-none-eabi/7.2.1/../../../../arm-none-eabi/lib/thumb/v7-m/libc_nano.a(lib_a-impure.o)
                              /home/gecko/Ac6/SystemWorkbench/plugins/fr.ac6.mcu.externaltools.arm-none.linux64_1.16.0.201807130628/tools/compiler/bin/../lib/gcc/arm-none-eabi/7.2.1/../../../../arm-none-eabi/lib/thumb/v7-m/libc_nano.a(lib_a-exit.o) (_global_impure_ptr)
/home/gecko/Ac6/SystemWorkbench/plugins/fr.ac6.mcu.externaltools.arm-none.linux64_1.16.0.201807130628/tools/compiler/bin/../lib/gcc/arm-none-eabi/7.2.1/../../../../arm-none-eabi/lib/thumb/v7-m/libc_nano.a(lib_a-init.o)
                              /home/gecko/Ac6/SystemWorkbench/plugins/fr.ac6.mcu.externaltools.arm-none.linux64_1.16.0.201807130628/tools/compiler/bin/../lib/gcc/arm-none-eabi/7.2.1/../../../../arm-none-eabi/lib/thumb/v7-m/crt0.o (__libc_init_array)
/home/gecko/Ac6/SystemWorkbench/plugins/fr.ac6.mcu.externaltools.arm-none.linux64_1.16.0.201807130628/tools/compiler/bin/../lib/gcc/arm-none-eabi/7.2.1/../../../../arm-none-eabi/lib/thumb/v7-m/libc_nano.a(lib_a-malloc.o)
                              Src/Squashy/gamesys/gamesys.o (malloc)
/home/gecko/Ac6/SystemWorkbench/plugins/fr.ac6.mcu.externaltools.arm-none.linux64_1.16.0.201807130628/tools/compiler/bin/../lib/gcc/arm-none-eabi/7.2.1/../../../../arm-none-eabi/lib/thumb/v7-m/libc_nano.a(lib_a-memcpy-stub.o)
                              Middlewares/Third_Party/FreeRTOS/Source/queue.o (memcpy)
/home/gecko/Ac6/SystemWorkbench/plugins/fr.ac6.mcu.externaltools.arm-none.linux64_1.16.0.201807130628/tools/compiler/bin/../lib/gcc/arm-none-eabi/7.2.1/../../../../arm-none-eabi/lib/thumb/v7-m/libc_nano.a(lib_a-memset.o)
                              /home/gecko/Ac6/SystemWorkbench/plugins/fr.ac6.mcu.externaltools.arm-none.linux64_1.16.0.201807130628/tools/compiler/bin/../lib/gcc/arm-none-eabi/7.2.1/../../../../arm-none-eabi/lib/thumb/v7-m/crt0.o (memset)
/home/gecko/Ac6/SystemWorkbench/plugins/fr.ac6.mcu.externaltools.arm-none.linux64_1.16.0.201807130628/tools/compiler/bin/../lib/gcc/arm-none-eabi/7.2.1/../../../../arm-none-eabi/lib/thumb/v7-m/libc_nano.a(lib_a-nano-freer.o)
                              /home/gecko/Ac6/SystemWorkbench/plugins/fr.ac6.mcu.externaltools.arm-none.linux64_1.16.0.201807130628/tools/compiler/bin/../lib/gcc/arm-none-eabi/7.2.1/../../../../arm-none-eabi/lib/thumb/v7-m/libc_nano.a(lib_a-malloc.o) (_free_r)
/home/gecko/Ac6/SystemWorkbench/plugins/fr.ac6.mcu.externaltools.arm-none.linux64_1.16.0.201807130628/tools/compiler/bin/../lib/gcc/arm-none-eabi/7.2.1/../../../../arm-none-eabi/lib/thumb/v7-m/libc_nano.a(lib_a-nano-mallocr.o)
                              /home/gecko/Ac6/SystemWorkbench/plugins/fr.ac6.mcu.externaltools.arm-none.linux64_1.16.0.201807130628/tools/compiler/bin/../lib/gcc/arm-none-eabi/7.2.1/../../../../arm-none-eabi/lib/thumb/v7-m/libc_nano.a(lib_a-malloc.o) (_malloc_r)
/home/gecko/Ac6/SystemWorkbench/plugins/fr.ac6.mcu.externaltools.arm-none.linux64_1.16.0.201807130628/tools/compiler/bin/../lib/gcc/arm-none-eabi/7.2.1/../../../../arm-none-eabi/lib/thumb/v7-m/libc_nano.a(lib_a-rand.o)
                              Src/main.o (rand)
/home/gecko/Ac6/SystemWorkbench/plugins/fr.ac6.mcu.externaltools.arm-none.linux64_1.16.0.201807130628/tools/compiler/bin/../lib/gcc/arm-none-eabi/7.2.1/../../../../arm-none-eabi/lib/thumb/v7-m/libc_nano.a(lib_a-sbrkr.o)
                              /home/gecko/Ac6/SystemWorkbench/plugins/fr.ac6.mcu.externaltools.arm-none.linux64_1.16.0.201807130628/tools/compiler/bin/../lib/gcc/arm-none-eabi/7.2.1/../../../../arm-none-eabi/lib/thumb/v7-m/libc_nano.a(lib_a-nano-mallocr.o) (_sbrk_r)
/home/gecko/Ac6/SystemWorkbench/plugins/fr.ac6.mcu.externaltools.arm-none.linux64_1.16.0.201807130628/tools/compiler/bin/../lib/gcc/arm-none-eabi/7.2.1/../../../../arm-none-eabi/lib/thumb/v7-m/libc_nano.a(lib_a-sprintf.o)
                              Src/ssd1351.o (sprintf)
/home/gecko/Ac6/SystemWorkbench/plugins/fr.ac6.mcu.externaltools.arm-none.linux64_1.16.0.201807130628/tools/compiler/bin/../lib/gcc/arm-none-eabi/7.2.1/../../../../arm-none-eabi/lib/thumb/v7-m/libc_nano.a(lib_a-mlock.o)
[...]
Memory Configuration

Name             Origin             Length             Attributes
RAM              0x0000000020000000 0x0000000000014000 xrw
FLASH            0x0000000008000000 0x0000000000080000 xr
*default*        0x0000000000000000 0xffffffffffffffff

Linker script and memory map

LOAD /home/gecko/Ac6/SystemWorkbench/plugins/fr.ac6.mcu.externaltools.arm-none.linux64_1.16.0.201807130628/tools/compiler/bin/../lib/gcc/arm-none-eabi/7.2.1/thumb/v7-m/crti.o
LOAD /home/gecko/Ac6/SystemWorkbench/plugins/fr.ac6.mcu.externaltools.arm-none.linux64_1.16.0.201807130628/tools/compiler/bin/../lib/gcc/arm-none-eabi/7.2.1/thumb/v7-m/crtbegin.o
LOAD /home/gecko/Ac6/SystemWorkbench/plugins/fr.ac6.mcu.externaltools.arm-none.linux64_1.16.0.201807130628/tools/compiler/bin/../lib/gcc/arm-none-eabi/7.2.1/../../../../arm-none-eabi/lib/thumb/v7-m/crt0.o
LOAD Drivers/STM32L1xx_HAL_Driver/Src/stm32l1xx_hal.o
LOAD Drivers/STM32L1xx_HAL_Driver/Src/stm32l1xx_hal_cortex.o
LOAD Drivers/STM32L1xx_HAL_Driver/Src/stm32l1xx_hal_dma.o
LOAD Drivers/STM32L1xx_HAL_Driver/Src/stm32l1xx_hal_flash.o
LOAD Drivers/STM32L1xx_HAL_Driver/Src/stm32l1xx_hal_flash_ex.o
LOAD Drivers/STM32L1xx_HAL_Driver/Src/stm32l1xx_hal_flash_ramfunc.o
LOAD Drivers/STM32L1xx_HAL_Driver/Src/stm32l1xx_hal_gpio.o
LOAD Drivers/STM32L1xx_HAL_Driver/Src/stm32l1xx_hal_pwr.o
LOAD Drivers/STM32L1xx_HAL_Driver/Src/stm32l1xx_hal_pwr_ex.o
LOAD Drivers/STM32L1xx_HAL_Driver/Src/stm32l1xx_hal_rcc.o
LOAD Drivers/STM32L1xx_HAL_Driver/Src/stm32l1xx_hal_rcc_ex.o
LOAD Drivers/STM32L1xx_HAL_Driver/Src/stm32l1xx_hal_spi.o
LOAD Drivers/STM32L1xx_HAL_Driver/Src/stm32l1xx_hal_spi_ex.o
LOAD Drivers/STM32L1xx_HAL_Driver/Src/stm32l1xx_hal_tim.o
LOAD Drivers/STM32L1xx_HAL_Driver/Src/stm32l1xx_hal_tim_ex.o
LOAD Drivers/STM32L1xx_HAL_Driver/Src/stm32l1xx_hal_uart.o
LOAD Middlewares/Third_Party/FreeRTOS/Source/CMSIS_RTOS/cmsis_os.o
LOAD Middlewares/Third_Party/FreeRTOS/Source/croutine.o
LOAD Middlewares/Third_Party/FreeRTOS/Source/event_groups.o
LOAD Middlewares/Third_Party/FreeRTOS/Source/list.o
LOAD Middlewares/Third_Party/FreeRTOS/Source/queue.o
LOAD Middlewares/Third_Party/FreeRTOS/Source/tasks.o
LOAD Middlewares/Third_Party/FreeRTOS/Source/timers.o
LOAD Middlewares/Third_Party/FreeRTOS/Source/portable/GCC/ARM_CM3/port.o
LOAD Middlewares/Third_Party/FreeRTOS/Source/portable/MemMang/heap_4.o
LOAD Src/Squashy/controls/controls.o
LOAD Src/Squashy/gamesys/gamesys.o
LOAD Src/color_palette.o
LOAD Src/fonts.o
LOAD Src/freertos.o
LOAD Src/loaded_sprites.o
LOAD Src/main.o
LOAD Src/myHAL.o
LOAD Src/ssd1351.o
LOAD Src/stm32l1xx_hal_msp.o
LOAD Src/stm32l1xx_hal_timebase_tim.o
LOAD Src/stm32l1xx_it.o
LOAD Src/system_stm32l1xx.o
LOAD startup/startup_stm32l152xe.o
LOAD /home/gecko/Ac6/SystemWorkbench/plugins/fr.ac6.mcu.externaltools.arm-none.linux64_1.16.0.201807130628/tools/compiler/bin/../lib/gcc/arm-none-eabi/7.2.1/../../../../arm-none-eabi/lib/thumb/v7-m/libm.a
START GROUP
LOAD /home/gecko/Ac6/SystemWorkbench/plugins/fr.ac6.mcu.externaltools.arm-none.linux64_1.16.0.201807130628/tools/compiler/bin/../lib/gcc/arm-none-eabi/7.2.1/thumb/v7-m/libgcc.a
LOAD /home/gecko/Ac6/SystemWorkbench/plugins/fr.ac6.mcu.externaltools.arm-none.linux64_1.16.0.201807130628/tools/compiler/bin/../lib/gcc/arm-none-eabi/7.2.1/../../../../arm-none-eabi/lib/thumb/v7-m/libc_nano.a
END GROUP
START GROUP
LOAD /home/gecko/Ac6/SystemWorkbench/plugins/fr.ac6.mcu.externaltools.arm-none.linux64_1.16.0.201807130628/tools/compiler/bin/../lib/gcc/arm-none-eabi/7.2.1/thumb/v7-m/libgcc.a
LOAD /home/gecko/Ac6/SystemWorkbench/plugins/fr.ac6.mcu.externaltools.arm-none.linux64_1.16.0.201807130628/tools/compiler/bin/../lib/gcc/arm-none-eabi/7.2.1/../../../../arm-none-eabi/lib/thumb/v7-m/libc_nano.a
LOAD /home/gecko/Ac6/SystemWorkbench/plugins/fr.ac6.mcu.externaltools.arm-none.linux64_1.16.0.201807130628/tools/compiler/bin/../lib/gcc/arm-none-eabi/7.2.1/../../../../arm-none-eabi/lib/thumb/v7-m/libnosys.a
END GROUP
START GROUP
LOAD /home/gecko/Ac6/SystemWorkbench/plugins/fr.ac6.mcu.externaltools.arm-none.linux64_1.16.0.201807130628/tools/compiler/bin/../lib/gcc/arm-none-eabi/7.2.1/thumb/v7-m/libgcc.a
LOAD /home/gecko/Ac6/SystemWorkbench/plugins/fr.ac6.mcu.externaltools.arm-none.linux64_1.16.0.201807130628/tools/compiler/bin/../lib/gcc/arm-none-eabi/7.2.1/../../../../arm-none-eabi/lib/thumb/v7-m/libc_nano.a
LOAD /home/gecko/Ac6/SystemWorkbench/plugins/fr.ac6.mcu.externaltools.arm-none.linux64_1.16.0.201807130628/tools/compiler/bin/../lib/gcc/arm-none-eabi/7.2.1/../../../../arm-none-eabi/lib/thumb/v7-m/libnosys.a
END GROUP
LOAD /home/gecko/Ac6/SystemWorkbench/plugins/fr.ac6.mcu.externaltools.arm-none.linux64_1.16.0.201807130628/tools/compiler/bin/../lib/gcc/arm-none-eabi/7.2.1/thumb/v7-m/crtend.o
LOAD /home/gecko/Ac6/SystemWorkbench/plugins/fr.ac6.mcu.externaltools.arm-none.linux64_1.16.0.201807130628/tools/compiler/bin/../lib/gcc/arm-none-eabi/7.2.1/thumb/v7-m/crtn.o
                0x0000000020014000                _estack = 0x20014000
                0x0000000000000200                _Min_Heap_Size = 0x200
                0x0000000000000400                _Min_Stack_Size = 0x400

.isr_vector     0x0000000008000000      0x13c
                0x0000000008000000                . = ALIGN (0x4)
 *(.isr_vector)
 .isr_vector    0x0000000008000000      0x13c startup/startup_stm32l152xe.o
                0x0000000008000000                g_pfnVectors
                0x000000000800013c                . = ALIGN (0x4)

.text           0x0000000008000140     0x3c98
                0x0000000008000140                . = ALIGN (0x4)
 *(.text)
 .text          0x0000000008000140       0x40 /home/gecko/Ac6/SystemWorkbench/plugins/fr.ac6.mcu.externaltools.arm-none.linux64_1.16.0.201807130628/tools/compiler/bin/../lib/gcc/arm-none-eabi/7.2.1/thumb/v7-m/crtbegin.o
 *(.text*)
 .text.HAL_Init
                0x0000000008000180       0x16 Drivers/STM32L1xx_HAL_Driver/Src/stm32l1xx_hal.o
                0x0000000008000180                HAL_Init
 *fill*         0x0000000008000196        0x2 
 .text.HAL_IncTick
                0x0000000008000198       0x10 Drivers/STM32L1xx_HAL_Driver/Src/stm32l1xx_hal.o
                0x0000000008000198                HAL_IncTick
 .text.HAL_GetTick
                0x00000000080001a8        0xc Drivers/STM32L1xx_HAL_Driver/Src/stm32l1xx_hal.o
                0x00000000080001a8                HAL_GetTick
 .text.HAL_Delay
                0x00000000080001b4       0x1c Drivers/STM32L1xx_HAL_Driver/Src/stm32l1xx_hal.o
                0x00000000080001b4                HAL_Delay
 .text.HAL_NVIC_SetPriorityGrouping
                0x00000000080001d0       0x24 Drivers/STM32L1xx_HAL_Driver/Src/stm32l1xx_hal_cortex.o
                0x00000000080001d0                HAL_NVIC_SetPriorityGrouping
 .text.HAL_NVIC_SetPriority
                0x00000000080001f4       0x68 Drivers/STM32L1xx_HAL_Driver/Src/stm32l1xx_hal_cortex.o
                0x00000000080001f4                HAL_NVIC_SetPriority
 .text.HAL_NVIC_EnableIRQ
                0x000000000800025c       0x18 Drivers/STM32L1xx_HAL_Driver/Src/stm32l1xx_hal_cortex.o
                0x000000000800025c                HAL_NVIC_EnableIRQ
 .text.HAL_GPIO_Init
                0x0000000008000274      0x1b0 Drivers/STM32L1xx_HAL_Driver/Src/stm32l1xx_hal_gpio.o
                0x0000000008000274                HAL_GPIO_Init
 .text.HAL_GPIO_ReadPin
                0x0000000008000424        0xe Drivers/STM32L1xx_HAL_Driver/Src/stm32l1xx_hal_gpio.o
                0x0000000008000424                HAL_GPIO_ReadPin
 .text.HAL_GPIO_WritePin
                0x0000000008000432        0xc Drivers/STM32L1xx_HAL_Driver/Src/stm32l1xx_hal_gpio.o
                0x0000000008000432                HAL_GPIO_WritePin
 .text.HAL_GPIO_TogglePin
                0x000000000800043e        0x8 Drivers/STM32L1xx_HAL_Driver/Src/stm32l1xx_hal_gpio.o
                0x000000000800043e                HAL_GPIO_TogglePin
 *fill*         0x0000000008000446        0x2 
 .text.RCC_SetFlashLatencyFromMSIRange
                0x0000000008000448       0x94 Drivers/STM32L1xx_HAL_Driver/Src/stm32l1xx_hal_rcc.o
 .text.HAL_RCC_OscConfig
                0x00000000080004dc      0x78c Drivers/STM32L1xx_HAL_Driver/Src/stm32l1xx_hal_rcc.o
                0x00000000080004dc                HAL_RCC_OscConfig
 .text.HAL_RCC_GetSysClockFreq
                0x0000000008000c68       0x9c Drivers/STM32L1xx_HAL_Driver/Src/stm32l1xx_hal_rcc.o
                0x0000000008000c68                HAL_RCC_GetSysClockFreq
 .text.HAL_RCC_ClockConfig
                0x0000000008000d04      0x248 Drivers/STM32L1xx_HAL_Driver/Src/stm32l1xx_hal_rcc.o
                0x0000000008000d04                HAL_RCC_ClockConfig
 .text.HAL_RCC_GetHCLKFreq
                0x0000000008000f4c        0xc Drivers/STM32L1xx_HAL_Driver/Src/stm32l1xx_hal_rcc.o
                0x0000000008000f4c                HAL_RCC_GetHCLKFreq
 .text.HAL_RCC_GetPCLK1Freq
                0x0000000008000f58       0x2c Drivers/STM32L1xx_HAL_Driver/Src/stm32l1xx_hal_rcc.o
                0x0000000008000f58                HAL_RCC_GetPCLK1Freq
 .text.HAL_RCC_GetPCLK2Freq
                0x0000000008000f84       0x2c Drivers/STM32L1xx_HAL_Driver/Src/stm32l1xx_hal_rcc.o
                0x0000000008000f84                HAL_RCC_GetPCLK2Freq
 .text.HAL_RCC_GetClockConfig
                0x0000000008000fb0       0x3c Drivers/STM32L1xx_HAL_Driver/Src/stm32l1xx_hal_rcc.o
                0x0000000008000fb0                HAL_RCC_GetClockConfig
 .text.SPI_WaitOnFlagUntilTimeout
                0x0000000008000fec       0xde Drivers/STM32L1xx_HAL_Driver/Src/stm32l1xx_hal_spi.o
 .text.HAL_SPI_Transmit
                0x00000000080010ca      0x1cc Drivers/STM32L1xx_HAL_Driver/Src/stm32l1xx_hal_spi.o
                0x00000000080010ca                HAL_SPI_Transmit
 .text.HAL_SPI_Init
                0x0000000008001296       0x82 Drivers/STM32L1xx_HAL_Driver/Src/stm32l1xx_hal_spi_ex.o
                0x0000000008001296                HAL_SPI_Init
 .text.TIM_Base_SetConfig
                0x0000000008001318       0x80 Drivers/STM32L1xx_HAL_Driver/Src/stm32l1xx_hal_tim.o
 .text.TIM_OC1_SetConfig
                0x0000000008001398       0x2e Drivers/STM32L1xx_HAL_Driver/Src/stm32l1xx_hal_tim.o
 .text.TIM_OC2_SetConfig
                0x00000000080013c6       0x32 Drivers/STM32L1xx_HAL_Driver/Src/stm32l1xx_hal_tim.o
 .text.TIM_OC3_SetConfig
                0x00000000080013f8       0x30 Drivers/STM32L1xx_HAL_Driver/Src/stm32l1xx_hal_tim.o
 .text.TIM_OC4_SetConfig
                0x0000000008001428       0x32 Drivers/STM32L1xx_HAL_Driver/Src/stm32l1xx_hal_tim.o
 .text.HAL_TIM_Base_MspInit
                0x000000000800145a        0x2 Drivers/STM32L1xx_HAL_Driver/Src/stm32l1xx_hal_tim.o
                0x000000000800145a                HAL_TIM_Base_MspInit
 .text.HAL_TIM_Base_Init
                0x000000000800145c       0x32 Drivers/STM32L1xx_HAL_Driver/Src/stm32l1xx_hal_tim.o
                0x000000000800145c                HAL_TIM_Base_Init
 .text.HAL_TIM_Base_Start_IT
                0x000000000800148e       0x18 Drivers/STM32L1xx_HAL_Driver/Src/stm32l1xx_hal_tim.o
                0x000000000800148e                HAL_TIM_Base_Start_IT
 .text.HAL_TIM_PWM_Init
                0x00000000080014a6       0x32 Drivers/STM32L1xx_HAL_Driver/Src/stm32l1xx_hal_tim.o
                0x00000000080014a6                HAL_TIM_PWM_Init
 .text.HAL_TIM_PWM_ConfigChannel
                0x00000000080014d8       0xdc Drivers/STM32L1xx_HAL_Driver/Src/stm32l1xx_hal_tim.o
                0x00000000080014d8                HAL_TIM_PWM_ConfigChannel
 .text.HAL_TIM_OC_DelayElapsedCallback
                0x00000000080015b4        0x2 Drivers/STM32L1xx_HAL_Driver/Src/stm32l1xx_hal_tim.o
                0x00000000080015b4                HAL_TIM_OC_DelayElapsedCallback
 .text.HAL_TIM_IC_CaptureCallback
                0x00000000080015b6        0x2 Drivers/STM32L1xx_HAL_Driver/Src/stm32l1xx_hal_tim.o
                0x00000000080015b6                HAL_TIM_IC_CaptureCallback
 .text.HAL_TIM_PWM_PulseFinishedCallback
                0x00000000080015b8        0x2 Drivers/STM32L1xx_HAL_Driver/Src/stm32l1xx_hal_tim.o
                0x00000000080015b8                HAL_TIM_PWM_PulseFinishedCallback
 .text.HAL_TIM_TriggerCallback
                0x00000000080015ba        0x2 Drivers/STM32L1xx_HAL_Driver/Src/stm32l1xx_hal_tim.o
                0x00000000080015ba                HAL_TIM_TriggerCallback
 .text.HAL_TIM_IRQHandler
                0x00000000080015bc      0x13a Drivers/STM32L1xx_HAL_Driver/Src/stm32l1xx_hal_tim.o
                0x00000000080015bc                HAL_TIM_IRQHandler
 .text.HAL_TIMEx_MasterConfigSynchronization
                0x00000000080016f6       0x52 Drivers/STM32L1xx_HAL_Driver/Src/stm32l1xx_hal_tim_ex.o
                0x00000000080016f6                HAL_TIMEx_MasterConfigSynchronization
 .text.UART_SetConfig
                0x0000000008001748      0x320 Drivers/STM32L1xx_HAL_Driver/Src/stm32l1xx_hal_uart.o
 .text.HAL_UART_Init
                0x0000000008001a68       0x5a Drivers/STM32L1xx_HAL_Driver/Src/stm32l1xx_hal_uart.o
                0x0000000008001a68                HAL_UART_Init
 .text.makeFreeRtosPriority
                0x0000000008001ac2        0xc Middlewares/Third_Party/FreeRTOS/Source/CMSIS_RTOS/cmsis_os.o
 .text.osKernelStart
                0x0000000008001ace        0xa Middlewares/Third_Party/FreeRTOS/Source/CMSIS_RTOS/cmsis_os.o
                0x0000000008001ace                osKernelStart
 .text.osThreadCreate
                0x0000000008001ad8       0x34 Middlewares/Third_Party/FreeRTOS/Source/CMSIS_RTOS/cmsis_os.o
                0x0000000008001ad8                osThreadCreate
 .text.osDelay  0x0000000008001b0c       0x12 Middlewares/Third_Party/FreeRTOS/Source/CMSIS_RTOS/cmsis_os.o
                0x0000000008001b0c                osDelay
 .text.vListInitialise
                0x0000000008001b1e       0x16 Middlewares/Third_Party/FreeRTOS/Source/list.o
                0x0000000008001b1e                vListInitialise
 .text.vListInitialiseItem
                0x0000000008001b34        0x6 Middlewares/Third_Party/FreeRTOS/Source/list.o
                0x0000000008001b34                vListInitialiseItem
 .text.vListInsertEnd
                0x0000000008001b3a       0x18 Middlewares/Third_Party/FreeRTOS/Source/list.o
                0x0000000008001b3a                vListInsertEnd
 .text.vListInsert
                0x0000000008001b52       0x34 Middlewares/Third_Party/FreeRTOS/Source/list.o
                0x0000000008001b52                vListInsert
 .text.uxListRemove
                0x0000000008001b86       0x26 Middlewares/Third_Party/FreeRTOS/Source/list.o
                0x0000000008001b86                uxListRemove
 .text.prvResetNextTaskUnblockTime
                0x0000000008001bac       0x24 Middlewares/Third_Party/FreeRTOS/Source/tasks.o
 .text.prvDeleteTCB
                0x0000000008001bd0       0x12 Middlewares/Third_Party/FreeRTOS/Source/tasks.o
 .text.prvInitialiseNewTask
                0x0000000008001be2       0x80 Middlewares/Third_Party/FreeRTOS/Source/tasks.o
 *fill*         0x0000000008001c62        0x2 
 .text.prvInitialiseTaskLists
                0x0000000008001c64       0x58 Middlewares/Third_Party/FreeRTOS/Source/tasks.o
 .text.prvAddNewTaskToReadyList
                0x0000000008001cbc       0xac Middlewares/Third_Party/FreeRTOS/Source/tasks.o
 .text.prvAddCurrentTaskToDelayedList
                0x0000000008001d68       0x88 Middlewares/Third_Party/FreeRTOS/Source/tasks.o
 .text.xTaskCreate
                0x0000000008001df0       0x62 Middlewares/Third_Party/FreeRTOS/Source/tasks.o
                0x0000000008001df0                xTaskCreate
 *fill*         0x0000000008001e52        0x2 
 .text.vTaskStartScheduler
                0x0000000008001e54       0x74 Middlewares/Third_Party/FreeRTOS/Source/tasks.o
                0x0000000008001e54                vTaskStartScheduler
 .text.vTaskSuspendAll
                0x0000000008001ec8       0x14 Middlewares/Third_Party/FreeRTOS/Source/tasks.o
                0x0000000008001ec8                vTaskSuspendAll
 .text.xTaskIncrementTick
                0x0000000008001edc      0x10c Middlewares/Third_Party/FreeRTOS/Source/tasks.o
                0x0000000008001edc                xTaskIncrementTick
 .text.xTaskResumeAll
                0x0000000008001fe8       0xf0 Middlewares/Third_Party/FreeRTOS/Source/tasks.o
                0x0000000008001fe8                xTaskResumeAll
 .text.vTaskDelay
                0x00000000080020d8       0x4c Middlewares/Third_Party/FreeRTOS/Source/tasks.o
                0x00000000080020d8                vTaskDelay
 .text.prvCheckTasksWaitingTermination
                0x0000000008002124       0x54 Middlewares/Third_Party/FreeRTOS/Source/tasks.o
 .text.prvIdleTask
                0x0000000008002178       0x28 Middlewares/Third_Party/FreeRTOS/Source/tasks.o
 .text.vTaskSwitchContext
                0x00000000080021a0       0x90 Middlewares/Third_Party/FreeRTOS/Source/tasks.o
                0x00000000080021a0                vTaskSwitchContext
 .text.prvTaskExitError
                0x0000000008002230       0x34 Middlewares/Third_Party/FreeRTOS/Source/portable/GCC/ARM_CM3/port.o
 .text.prvPortStartFirstTask
                0x0000000008002264       0x20 Middlewares/Third_Party/FreeRTOS/Source/portable/GCC/ARM_CM3/port.o
 .text.pxPortInitialiseStack
                0x0000000008002284       0x24 Middlewares/Third_Party/FreeRTOS/Source/portable/GCC/ARM_CM3/port.o
                0x0000000008002284                pxPortInitialiseStack
 *fill*         0x00000000080022a8        0x8 
 .text.SVC_Handler
                0x00000000080022b0       0x24 Middlewares/Third_Party/FreeRTOS/Source/portable/GCC/ARM_CM3/port.o
                0x00000000080022b0                SVC_Handler
 .text.vPortEnterCritical
                0x00000000080022d4       0x44 Middlewares/Third_Party/FreeRTOS/Source/portable/GCC/ARM_CM3/port.o
                0x00000000080022d4                vPortEnterCritical
 .text.vPortExitCritical
                0x0000000008002318       0x2c Middlewares/Third_Party/FreeRTOS/Source/portable/GCC/ARM_CM3/port.o
                0x0000000008002318                vPortExitCritical
 *fill*         0x0000000008002344        0xc 
 .text.PendSV_Handler
                0x0000000008002350       0x44 Middlewares/Third_Party/FreeRTOS/Source/portable/GCC/ARM_CM3/port.o
                0x0000000008002350                PendSV_Handler
 .text.SysTick_Handler
                0x0000000008002394       0x2c Middlewares/Third_Party/FreeRTOS/Source/portable/GCC/ARM_CM3/port.o
                0x0000000008002394                SysTick_Handler
 .text.vPortSetupTimerInterrupt
                0x00000000080023c0       0x2c Middlewares/Third_Party/FreeRTOS/Source/portable/GCC/ARM_CM3/port.o
                0x00000000080023c0                vPortSetupTimerInterrupt
 .text.xPortStartScheduler
                0x00000000080023ec       0x90 Middlewares/Third_Party/FreeRTOS/Source/portable/GCC/ARM_CM3/port.o
                0x00000000080023ec                xPortStartScheduler
 .text.prvHeapInit
                0x000000000800247c       0x54 Middlewares/Third_Party/FreeRTOS/Source/portable/MemMang/heap_4.o
 .text.prvInsertBlockIntoFreeList
                0x00000000080024d0       0x58 Middlewares/Third_Party/FreeRTOS/Source/portable/MemMang/heap_4.o
 .text.pvPortMalloc
                0x0000000008002528      0x10c Middlewares/Third_Party/FreeRTOS/Source/portable/MemMang/heap_4.o
                0x0000000008002528                pvPortMalloc
 .text.vPortFree
                0x0000000008002634       0x70 Middlewares/Third_Party/FreeRTOS/Source/portable/MemMang/heap_4.o
                0x0000000008002634                vPortFree
 .text.checkEdgeCollision
                0x00000000080026a4       0x36 Src/Squashy/gamesys/gamesys.o
                0x00000000080026a4                checkEdgeCollision
 .text.checkCollision
                0x00000000080026da       0x68 Src/Squashy/gamesys/gamesys.o
                0x00000000080026da                checkCollision
 *fill*         0x0000000008002742        0x2 
 .text.displayScore
                0x0000000008002744       0x38 Src/Squashy/gamesys/gamesys.o
                0x0000000008002744                displayScore
 .text.displayGameOverScreen
                0x000000000800277c       0x2c Src/Squashy/gamesys/gamesys.o
                0x000000000800277c                displayGameOverScreen
 .text.drawItem
                0x00000000080027a8       0x1a Src/Squashy/gamesys/gamesys.o
                0x00000000080027a8                drawItem
 *fill*         0x00000000080027c2        0x2 
 .text.initList
                0x00000000080027c4        0xc Src/Squashy/gamesys/gamesys.o
                0x00000000080027c4                initList
 .text.appendToGameList
                0x00000000080027d0       0x1c Src/Squashy/gamesys/gamesys.o
                0x00000000080027d0                appendToGameList
 .text.initGameObject
                0x00000000080027ec       0x22 Src/Squashy/gamesys/gamesys.o
                0x00000000080027ec                initGameObject
 *fill*         0x000000000800280e        0x2 
 .text.vInitSys
                0x0000000008002810       0x80 Src/Squashy/gamesys/gamesys.o
                0x0000000008002810                vInitSys
 .text.vUpdate  0x0000000008002890      0x1c8 Src/Squashy/gamesys/gamesys.o
                0x0000000008002890                vUpdate
 .text.vDraw    0x0000000008002a58       0x40 Src/Squashy/gamesys/gamesys.o
                0x0000000008002a58                vDraw
 .text.vTaskUpdate
                0x0000000008002a98        0xe Src/main.o
                0x0000000008002a98                vTaskUpdate
 .text.vTaskDraw
                0x0000000008002aa6        0xe Src/main.o
                0x0000000008002aa6                vTaskDraw
 .text.MX_GPIO_Init
                0x0000000008002ab4      0x110 Src/main.o
 .text.MX_USART2_UART_Init
                0x0000000008002bc4       0x2c Src/main.o
 .text.MX_SPI2_Init
                0x0000000008002bf0       0x38 Src/main.o
 .text.MX_TIM3_Init
                0x0000000008002c28       0x60 Src/main.o
 .text.StartDefaultTask
                0x0000000008002c88        0xa Src/main.o
                0x0000000008002c88                StartDefaultTask
 *fill*         0x0000000008002c92        0x2 
 .text.vToggleLED
                0x0000000008002c94       0x10 Src/main.o
                0x0000000008002c94                vToggleLED
 .text.vTaskToggleLED
                0x0000000008002ca4       0x10 Src/main.o
                0x0000000008002ca4                vTaskToggleLED
 .text.SystemClock_Config
                0x0000000008002cb4       0x68 Src/main.o
                0x0000000008002cb4                SystemClock_Config
 .text.main     0x0000000008002d1c       0xa0 Src/main.o
                0x0000000008002d1c                main
 .text.HAL_TIM_PeriodElapsedCallback
                0x0000000008002dbc       0x12 Src/main.o
                0x0000000008002dbc                HAL_TIM_PeriodElapsedCallback
 *fill*         0x0000000008002dce        0x2 
 .text.SPI_TXBuffer
                0x0000000008002dd0       0x24 Src/myHAL.o
                0x0000000008002dd0                SPI_TXBuffer
 .text.SPI_TXByte
                0x0000000008002df4       0x20 Src/myHAL.o
                0x0000000008002df4                SPI_TXByte
 .text.GPIO_SetPin
                0x0000000008002e14        0xa Src/myHAL.o
                0x0000000008002e14                GPIO_SetPin
 .text.GPIO_ResetPin
                0x0000000008002e1e        0xa Src/myHAL.o
                0x0000000008002e1e                GPIO_ResetPin
 .text.SSD1351_write_data
                0x0000000008002e28       0x30 Src/ssd1351.o
 .text.SSD1351_write_command
                0x0000000008002e58       0x30 Src/ssd1351.o
 .text.SSD1351_write_data_buffer
                0x0000000008002e88       0x34 Src/ssd1351.o
 .text.SSD1351_init
                0x0000000008002ebc      0x144 Src/ssd1351.o
                0x0000000008002ebc                SSD1351_init
 .text.SSD1351_fill
                0x0000000008003000       0x18 Src/ssd1351.o
                0x0000000008003000                SSD1351_fill
 .text.SSD1351_update
                0x0000000008003018       0x18 Src/ssd1351.o
                0x0000000008003018                SSD1351_update
 .text.SSD1351_write_pixel
                0x0000000008003030       0x24 Src/ssd1351.o
                0x0000000008003030                SSD1351_write_pixel
 .text.SSD1351_write_char
                0x0000000008003054       0xb8 Src/ssd1351.o
 .text.SSD1351_write_string
                0x000000000800310c       0x2a Src/ssd1351.o
 *fill*         0x0000000008003136        0x2 
 .text.SSD1351_write_int
                0x0000000008003138       0x2c Src/ssd1351.o
 .text.SSD1351_printf
                0x0000000008003164       0x86 Src/ssd1351.o
                0x0000000008003164                SSD1351_printf
 *fill*         0x00000000080031ea        0x2 
 .text.SSD1351_set_cursor
                0x00000000080031ec        0xc Src/ssd1351.o
                0x00000000080031ec                SSD1351_set_cursor
 .text.SSD1351_draw_sprite
                0x00000000080031f8       0x50 Src/ssd1351.o
                0x00000000080031f8                SSD1351_draw_sprite
 .text.HAL_MspInit
                0x0000000008003248       0x54 Src/stm32l1xx_hal_msp.o
                0x0000000008003248                HAL_MspInit
 .text.HAL_SPI_MspInit
                0x000000000800329c       0x6c Src/stm32l1xx_hal_msp.o
                0x000000000800329c                HAL_SPI_MspInit
 .text.HAL_TIM_PWM_MspInit
                0x0000000008003308       0x2c Src/stm32l1xx_hal_msp.o
                0x0000000008003308                HAL_TIM_PWM_MspInit
 .text.HAL_TIM_MspPostInit
                0x0000000008003334       0x50 Src/stm32l1xx_hal_msp.o
                0x0000000008003334                HAL_TIM_MspPostInit
 .text.HAL_UART_MspInit
                0x0000000008003384       0x6c Src/stm32l1xx_hal_msp.o
                0x0000000008003384                HAL_UART_MspInit
 .text.HAL_InitTick
                0x00000000080033f0       0x78 Src/stm32l1xx_hal_timebase_tim.o
                0x00000000080033f0                HAL_InitTick
 .text.NMI_Handler
                0x0000000008003468        0x2 Src/stm32l1xx_it.o
                0x0000000008003468                NMI_Handler
 .text.HardFault_Handler
                0x000000000800346a        0x2 Src/stm32l1xx_it.o
                0x000000000800346a                HardFault_Handler
 .text.MemManage_Handler
                0x000000000800346c        0x2 Src/stm32l1xx_it.o
                0x000000000800346c                MemManage_Handler
 .text.BusFault_Handler
                0x000000000800346e        0x2 Src/stm32l1xx_it.o
                0x000000000800346e                BusFault_Handler
 .text.UsageFault_Handler
                0x0000000008003470        0x2 Src/stm32l1xx_it.o
                0x0000000008003470                UsageFault_Handler
 .text.DebugMon_Handler
                0x0000000008003472        0x2 Src/stm32l1xx_it.o
                0x0000000008003472                DebugMon_Handler
 .text.TIM2_IRQHandler
                0x0000000008003474       0x10 Src/stm32l1xx_it.o
                0x0000000008003474                TIM2_IRQHandler
 .text.SystemInit
                0x0000000008003484       0x48 Src/system_stm32l1xx.o
                0x0000000008003484                SystemInit
 .text.Reset_Handler
                0x00000000080034cc       0x48 startup/startup_stm32l152xe.o
                0x00000000080034cc                Reset_Handler
 .text.Default_Handler
                0x0000000008003514        0x2 startup/startup_stm32l152xe.o
                0x0000000008003514                RTC_Alarm_IRQHandler
                0x0000000008003514                EXTI2_IRQHandler
                0x0000000008003514                COMP_ACQ_IRQHandler
                0x0000000008003514                TIM10_IRQHandler
                0x0000000008003514                USB_HP_IRQHandler
                0x0000000008003514                TIM6_IRQHandler
                0x0000000008003514                PVD_IRQHandler
                0x0000000008003514                EXTI3_IRQHandler
                0x0000000008003514                EXTI0_IRQHandler
                0x0000000008003514                I2C2_EV_IRQHandler
                0x0000000008003514                SPI1_IRQHandler
                0x0000000008003514                USB_FS_WKUP_IRQHandler
                0x0000000008003514                DMA2_Channel2_IRQHandler
                0x0000000008003514                DMA1_Channel4_IRQHandler
                0x0000000008003514                ADC1_IRQHandler
                0x0000000008003514                USART3_IRQHandler
                0x0000000008003514                DMA1_Channel7_IRQHandler
                0x0000000008003514                LCD_IRQHandler
                0x0000000008003514                UART5_IRQHandler
                0x0000000008003514                TIM4_IRQHandler
                0x0000000008003514                DMA2_Channel1_IRQHandler
                0x0000000008003514                I2C1_EV_IRQHandler
                0x0000000008003514                DMA1_Channel6_IRQHandler
                0x0000000008003514                UART4_IRQHandler
                0x0000000008003514                DMA2_Channel4_IRQHandler
                0x0000000008003514                TIM3_IRQHandler
                0x0000000008003514                RCC_IRQHandler
                0x0000000008003514                DMA1_Channel1_IRQHandler
                0x0000000008003514                Default_Handler
                0x0000000008003514                EXTI15_10_IRQHandler
                0x0000000008003514                TIM7_IRQHandler
                0x0000000008003514                TIM5_IRQHandler
                0x0000000008003514                EXTI9_5_IRQHandler
                0x0000000008003514                TIM9_IRQHandler
                0x0000000008003514                TAMPER_STAMP_IRQHandler
                0x0000000008003514                RTC_WKUP_IRQHandler
                0x0000000008003514                SPI2_IRQHandler
                0x0000000008003514                DMA2_Channel5_IRQHandler
                0x0000000008003514                DMA1_Channel5_IRQHandler
                0x0000000008003514                USB_LP_IRQHandler
                0x0000000008003514                EXTI4_IRQHandler
                0x0000000008003514                DMA1_Channel3_IRQHandler
                0x0000000008003514                COMP_IRQHandler
                0x0000000008003514                WWDG_IRQHandler
                0x0000000008003514                DAC_IRQHandler
                0x0000000008003514                EXTI1_IRQHandler
                0x0000000008003514                TIM11_IRQHandler
                0x0000000008003514                USART2_IRQHandler
                0x0000000008003514                I2C2_ER_IRQHandler
                0x0000000008003514                DMA1_Channel2_IRQHandler
                0x0000000008003514                FLASH_IRQHandler
                0x0000000008003514                USART1_IRQHandler
                0x0000000008003514                SPI3_IRQHandler
                0x0000000008003514                I2C1_ER_IRQHandler
                0x0000000008003514                DMA2_Channel3_IRQHandler
 *fill*         0x0000000008003516        0x2 
 .text.__libc_init_array
                0x0000000008003518       0x48 /home/gecko/Ac6/SystemWorkbench/plugins/fr.ac6.mcu.externaltools.arm-none.linux64_1.16.0.201807130628/tools/compiler/bin/../lib/gcc/arm-none-eabi/7.2.1/../../../../arm-none-eabi/lib/thumb/v7-m/libc_nano.a(lib_a-init.o)
                0x0000000008003518                __libc_init_array
 .text.malloc   0x0000000008003560       0x10 /home/gecko/Ac6/SystemWorkbench/plugins/fr.ac6.mcu.externaltools.arm-none.linux64_1.16.0.201807130628/tools/compiler/bin/../lib/gcc/arm-none-eabi/7.2.1/../../../../arm-none-eabi/lib/thumb/v7-m/libc_nano.a(lib_a-malloc.o)
                0x0000000008003560                malloc
 .text.memcpy   0x0000000008003570       0x16 /home/gecko/Ac6/SystemWorkbench/plugins/fr.ac6.mcu.externaltools.arm-none.linux64_1.16.0.201807130628/tools/compiler/bin/../lib/gcc/arm-none-eabi/7.2.1/../../../../arm-none-eabi/lib/thumb/v7-m/libc_nano.a(lib_a-memcpy-stub.o)
                0x0000000008003570                memcpy
 .text.memset   0x0000000008003586       0x10 /home/gecko/Ac6/SystemWorkbench/plugins/fr.ac6.mcu.externaltools.arm-none.linux64_1.16.0.201807130628/tools/compiler/bin/../lib/gcc/arm-none-eabi/7.2.1/../../../../arm-none-eabi/lib/thumb/v7-m/libc_nano.a(lib_a-memset.o)
                0x0000000008003586                memset
 *fill*         0x0000000008003596        0x2 
 .text._free_r  0x0000000008003598       0x98 /home/gecko/Ac6/SystemWorkbench/plugins/fr.ac6.mcu.externaltools.arm-none.linux64_1.16.0.201807130628/tools/compiler/bin/../lib/gcc/arm-none-eabi/7.2.1/../../../../arm-none-eabi/lib/thumb/v7-m/libc_nano.a(lib_a-nano-freer.o)
                0x0000000008003598                _free_r
 .text._malloc_r
                0x0000000008003630       0xb4 /home/gecko/Ac6/SystemWorkbench/plugins/fr.ac6.mcu.externaltools.arm-none.linux64_1.16.0.201807130628/tools/compiler/bin/../lib/gcc/arm-none-eabi/7.2.1/../../../../arm-none-eabi/lib/thumb/v7-m/libc_nano.a(lib_a-nano-mallocr.o)
                0x0000000008003630                _malloc_r
 .text._sbrk_r  0x00000000080036e4       0x20 /home/gecko/Ac6/SystemWorkbench/plugins/fr.ac6.mcu.externaltools.arm-none.linux64_1.16.0.201807130628/tools/compiler/bin/../lib/gcc/arm-none-eabi/7.2.1/../../../../arm-none-eabi/lib/thumb/v7-m/libc_nano.a(lib_a-sbrkr.o)
                0x00000000080036e4                _sbrk_r
 .text.sprintf  0x0000000008003704       0x40 /home/gecko/Ac6/SystemWorkbench/plugins/fr.ac6.mcu.externaltools.arm-none.linux64_1.16.0.201807130628/tools/compiler/bin/../lib/gcc/arm-none-eabi/7.2.1/../../../../arm-none-eabi/lib/thumb/v7-m/libc_nano.a(lib_a-sprintf.o)
                0x0000000008003704                sprintf
                0x0000000008003704                siprintf
 .text.__malloc_lock
                0x0000000008003744        0x2 /home/gecko/Ac6/SystemWorkbench/plugins/fr.ac6.mcu.externaltools.arm-none.linux64_1.16.0.201807130628/tools/compiler/bin/../lib/gcc/arm-none-eabi/7.2.1/../../../../arm-none-eabi/lib/thumb/v7-m/libc_nano.a(lib_a-mlock.o)
                0x0000000008003744                __malloc_lock
 .text.__malloc_unlock
                0x0000000008003746        0x2 /home/gecko/Ac6/SystemWorkbench/plugins/fr.ac6.mcu.externaltools.arm-none.linux64_1.16.0.201807130628/tools/compiler/bin/../lib/gcc/arm-none-eabi/7.2.1/../../../../arm-none-eabi/lib/thumb/v7-m/libc_nano.a(lib_a-mlock.o)
                0x0000000008003746                __malloc_unlock
 .text.__ssputs_r
                0x0000000008003748       0xb4 /home/gecko/Ac6/SystemWorkbench/plugins/fr.ac6.mcu.externaltools.arm-none.linux64_1.16.0.201807130628/tools/compiler/bin/../lib/gcc/arm-none-eabi/7.2.1/../../../../arm-none-eabi/lib/thumb/v7-m/libc_nano.a(lib_a-nano-svfprintf.o)
                0x0000000008003748                __ssputs_r
 .text._svfprintf_r
                0x00000000080037fc      0x1ec /home/gecko/Ac6/SystemWorkbench/plugins/fr.ac6.mcu.externaltools.arm-none.linux64_1.16.0.201807130628/tools/compiler/bin/../lib/gcc/arm-none-eabi/7.2.1/../../../../arm-none-eabi/lib/thumb/v7-m/libc_nano.a(lib_a-nano-svfprintf.o)
                0x00000000080037fc                _svfprintf_r
                0x00000000080037fc                _svfiprintf_r
 .text._printf_common
                0x00000000080039e8       0xec /home/gecko/Ac6/SystemWorkbench/plugins/fr.ac6.mcu.externaltools.arm-none.linux64_1.16.0.201807130628/tools/compiler/bin/../lib/gcc/arm-none-eabi/7.2.1/../../../../arm-none-eabi/lib/thumb/v7-m/libc_nano.a(lib_a-nano-vfprintf_i.o)
                0x00000000080039e8                _printf_common
 .text._printf_i
                0x0000000008003ad4      0x224 /home/gecko/Ac6/SystemWorkbench/plugins/fr.ac6.mcu.externaltools.arm-none.linux64_1.16.0.201807130628/tools/compiler/bin/../lib/gcc/arm-none-eabi/7.2.1/../../../../arm-none-eabi/lib/thumb/v7-m/libc_nano.a(lib_a-nano-vfprintf_i.o)
                0x0000000008003ad4                _printf_i
 .text.memchr   0x0000000008003cf8       0x1c /home/gecko/Ac6/SystemWorkbench/plugins/fr.ac6.mcu.externaltools.arm-none.linux64_1.16.0.201807130628/tools/compiler/bin/../lib/gcc/arm-none-eabi/7.2.1/../../../../arm-none-eabi/lib/thumb/v7-m/libc_nano.a(lib_a-memchr-stub.o)
                0x0000000008003cf8                memchr
 .text.memmove  0x0000000008003d14       0x32 /home/gecko/Ac6/SystemWorkbench/plugins/fr.ac6.mcu.externaltools.arm-none.linux64_1.16.0.201807130628/tools/compiler/bin/../lib/gcc/arm-none-eabi/7.2.1/../../../../arm-none-eabi/lib/thumb/v7-m/libc_nano.a(lib_a-memmove.o)
                0x0000000008003d14                memmove
 .text._realloc_r
                0x0000000008003d46       0x4c /home/gecko/Ac6/SystemWorkbench/plugins/fr.ac6.mcu.externaltools.arm-none.linux64_1.16.0.201807130628/tools/compiler/bin/../lib/gcc/arm-none-eabi/7.2.1/../../../../arm-none-eabi/lib/thumb/v7-m/libc_nano.a(lib_a-nano-reallocr.o)
                0x0000000008003d46                _realloc_r
 .text._malloc_usable_size_r
                0x0000000008003d92       0x10 /home/gecko/Ac6/SystemWorkbench/plugins/fr.ac6.mcu.externaltools.arm-none.linux64_1.16.0.201807130628/tools/compiler/bin/../lib/gcc/arm-none-eabi/7.2.1/../../../../arm-none-eabi/lib/thumb/v7-m/libc_nano.a(lib_a-nano-msizer.o)
                0x0000000008003d92                _malloc_usable_size_r
 *fill*         0x0000000008003da2        0x2 
 .text._sbrk    0x0000000008003da4       0x1c /home/gecko/Ac6/SystemWorkbench/plugins/fr.ac6.mcu.externaltools.arm-none.linux64_1.16.0.201807130628/tools/compiler/bin/../lib/gcc/arm-none-eabi/7.2.1/../../../../arm-none-eabi/lib/thumb/v7-m/libnosys.a(sbrk.o)
                0x0000000008003da4                _sbrk
 *(.glue_7)
 .glue_7        0x0000000008003dc0        0x0 linker stubs
 *(.glue_7t)
 .glue_7t       0x0000000008003dc0        0x0 linker stubs
 *(.eh_frame)
 .eh_frame      0x0000000008003dc0        0x0 /home/gecko/Ac6/SystemWorkbench/plugins/fr.ac6.mcu.externaltools.arm-none.linux64_1.16.0.201807130628/tools/compiler/bin/../lib/gcc/arm-none-eabi/7.2.1/thumb/v7-m/crtbegin.o
 *(.init)
 .init          0x0000000008003dc0        0x4 /home/gecko/Ac6/SystemWorkbench/plugins/fr.ac6.mcu.externaltools.arm-none.linux64_1.16.0.201807130628/tools/compiler/bin/../lib/gcc/arm-none-eabi/7.2.1/thumb/v7-m/crti.o
                0x0000000008003dc0                _init
 .init          0x0000000008003dc4        0x8 /home/gecko/Ac6/SystemWorkbench/plugins/fr.ac6.mcu.externaltools.arm-none.linux64_1.16.0.201807130628/tools/compiler/bin/../lib/gcc/arm-none-eabi/7.2.1/thumb/v7-m/crtn.o
 *(.fini)
 .fini          0x0000000008003dcc        0x4 /home/gecko/Ac6/SystemWorkbench/plugins/fr.ac6.mcu.externaltools.arm-none.linux64_1.16.0.201807130628/tools/compiler/bin/../lib/gcc/arm-none-eabi/7.2.1/thumb/v7-m/crti.o
                0x0000000008003dcc                _fini
 .fini          0x0000000008003dd0        0x8 /home/gecko/Ac6/SystemWorkbench/plugins/fr.ac6.mcu.externaltools.arm-none.linux64_1.16.0.201807130628/tools/compiler/bin/../lib/gcc/arm-none-eabi/7.2.1/thumb/v7-m/crtn.o
                0x0000000008003dd8                . = ALIGN (0x4)
                0x0000000008003dd8                _etext = .

.vfp11_veneer   0x0000000008003dd8        0x0
 .vfp11_veneer  0x0000000008003dd8        0x0 linker stubs

.v4_bx          0x0000000008003dd8        0x0
 .v4_bx         0x0000000008003dd8        0x0 linker stubs

.iplt           0x0000000008003dd8        0x0
 .iplt          0x0000000008003dd8        0x0 /home/gecko/Ac6/SystemWorkbench/plugins/fr.ac6.mcu.externaltools.arm-none.linux64_1.16.0.201807130628/tools/compiler/bin/../lib/gcc/arm-none-eabi/7.2.1/thumb/v7-m/crtbegin.o

.rodata         0x0000000008003dd8     0x28b8
                0x0000000008003dd8                . = ALIGN (0x4)
 *(.rodata)
 .rodata        0x0000000008003dd8     0x2814 Src/fonts.o
 .rodata        0x00000000080065ec       0x14 Src/main.o
 .rodata        0x0000000008006600       0x24 Src/system_stm32l1xx.o
                0x0000000008006600                PLLMulTable
                0x000000000800660c                AHBPrescTable
                0x000000000800661c                APBPrescTable
 *(.rodata*)
 .rodata.str1.4
                0x0000000008006624        0x5 Middlewares/Third_Party/FreeRTOS/Source/tasks.o
 *fill*         0x0000000008006629        0x3 
 .rodata.str1.4
                0x000000000800662c        0xe Src/Squashy/gamesys/gamesys.o
 *fill*         0x000000000800663a        0x2 
 .rodata.str1.4
                0x000000000800663c       0x20 Src/main.o
 .rodata.str1.4
                0x000000000800665c        0x3 Src/ssd1351.o
 .rodata._svfprintf_r.str1.1
                0x000000000800665c       0x11 /home/gecko/Ac6/SystemWorkbench/plugins/fr.ac6.mcu.externaltools.arm-none.linux64_1.16.0.201807130628/tools/compiler/bin/../lib/gcc/arm-none-eabi/7.2.1/../../../../arm-none-eabi/lib/thumb/v7-m/libc_nano.a(lib_a-nano-svfprintf.o)
 .rodata._printf_i.str1.1
                0x000000000800666d       0x22 /home/gecko/Ac6/SystemWorkbench/plugins/fr.ac6.mcu.externaltools.arm-none.linux64_1.16.0.201807130628/tools/compiler/bin/../lib/gcc/arm-none-eabi/7.2.1/../../../../arm-none-eabi/lib/thumb/v7-m/libc_nano.a(lib_a-nano-vfprintf_i.o)
                0x0000000008006690                . = ALIGN (0x4)
 *fill*         0x000000000800668f        0x1 

.rel.dyn        0x0000000008006690        0x0
 .rel.iplt      0x0000000008006690        0x0 /home/gecko/Ac6/SystemWorkbench/plugins/fr.ac6.mcu.externaltools.arm-none.linux64_1.16.0.201807130628/tools/compiler/bin/../lib/gcc/arm-none-eabi/7.2.1/thumb/v7-m/crtbegin.o

.ARM.extab
 *(.ARM.extab* .gnu.linkonce.armextab.*)

.ARM            0x0000000008006690        0x0
                0x0000000008006690                __exidx_start = .
 *(.ARM.exidx*)
                0x0000000008006690                __exidx_end = .

.preinit_array  0x0000000008006690        0x0
                0x0000000008006690                PROVIDE (__preinit_array_start, .)
 *(.preinit_array*)
                0x0000000008006690                PROVIDE (__preinit_array_end, .)

.init_array     0x0000000008006690        0x4
                0x0000000008006690                PROVIDE (__init_array_start, .)
 *(SORT_BY_NAME(.init_array.*))
 *(.init_array*)
 .init_array    0x0000000008006690        0x4 /home/gecko/Ac6/SystemWorkbench/plugins/fr.ac6.mcu.externaltools.arm-none.linux64_1.16.0.201807130628/tools/compiler/bin/../lib/gcc/arm-none-eabi/7.2.1/thumb/v7-m/crtbegin.o
                0x0000000008006694                PROVIDE (__init_array_end, .)

.fini_array     0x0000000008006694        0x4
                [!provide]                        PROVIDE (__fini_array_start, .)
 *(SORT_BY_NAME(.fini_array.*))
 *(.fini_array*)
 .fini_array    0x0000000008006694        0x4 /home/gecko/Ac6/SystemWorkbench/plugins/fr.ac6.mcu.externaltools.arm-none.linux64_1.16.0.201807130628/tools/compiler/bin/../lib/gcc/arm-none-eabi/7.2.1/thumb/v7-m/crtbegin.o
                [!provide]                        PROVIDE (__fini_array_end, .)
                0x0000000008006698                _sidata = LOADADDR (.data)

.data           0x0000000020000000      0x360 load address 0x0000000008006698
                0x0000000020000000                . = ALIGN (0x4)
                0x0000000020000000                _sdata = .
 *(.data)
 .data          0x0000000020000000        0x4 Middlewares/Third_Party/FreeRTOS/Source/portable/GCC/ARM_CM3/port.o
 .data          0x0000000020000004        0x4 Src/Squashy/gamesys/gamesys.o
                0x0000000020000004                lives
 .data          0x0000000020000008      0x200 Src/color_palette.o
                0x0000000020000008                color_palette
 .data          0x0000000020000208       0x18 Src/fonts.o
                0x0000000020000208                Font_16x26
                0x0000000020000210                Font_11x18
                0x0000000020000218                Font_7x10
 .data          0x0000000020000220       0xd8 Src/loaded_sprites.o
                0x0000000020000220                sprite2_data
                0x000000002000024c                sprite1_data
                0x0000000020000280                sprite0_data
                0x00000000200002e0                sprite2
                0x00000000200002e8                sprite1
                0x00000000200002f0                sprite0
 .data          0x00000000200002f8        0x4 Src/system_stm32l1xx.o
                0x00000000200002f8                SystemCoreClock
 *(.data*)
 .data._impure_ptr
                0x00000000200002fc        0x4 /home/gecko/Ac6/SystemWorkbench/plugins/fr.ac6.mcu.externaltools.arm-none.linux64_1.16.0.201807130628/tools/compiler/bin/../lib/gcc/arm-none-eabi/7.2.1/../../../../arm-none-eabi/lib/thumb/v7-m/libc_nano.a(lib_a-impure.o)
                0x00000000200002fc                _impure_ptr
 .data.impure_data
                0x0000000020000300       0x60 /home/gecko/Ac6/SystemWorkbench/plugins/fr.ac6.mcu.externaltools.arm-none.linux64_1.16.0.201807130628/tools/compiler/bin/../lib/gcc/arm-none-eabi/7.2.1/../../../../arm-none-eabi/lib/thumb/v7-m/libc_nano.a(lib_a-impure.o)
                0x0000000020000360                . = ALIGN (0x4)
                0x0000000020000360                _edata = .

.igot.plt       0x0000000020000360        0x0 load address 0x00000000080069f8
 .igot.plt      0x0000000020000360        0x0 /home/gecko/Ac6/SystemWorkbench/plugins/fr.ac6.mcu.externaltools.arm-none.linux64_1.16.0.201807130628/tools/compiler/bin/../lib/gcc/arm-none-eabi/7.2.1/thumb/v7-m/crtbegin.o
                0x0000000020000360                . = ALIGN (0x4)

.bss            0x0000000020000360     0x8ec4 load address 0x00000000080069f8
                0x0000000020000360                _sbss = .
                0x0000000020000360                __bss_start__ = _sbss
 *(.bss)
 .bss           0x0000000020000360       0x1c /home/gecko/Ac6/SystemWorkbench/plugins/fr.ac6.mcu.externaltools.arm-none.linux64_1.16.0.201807130628/tools/compiler/bin/../lib/gcc/arm-none-eabi/7.2.1/thumb/v7-m/crtbegin.o
 .bss           0x000000002000037c      0x12c Middlewares/Third_Party/FreeRTOS/Source/tasks.o
                0x000000002000047c                pxCurrentTCB
 .bss           0x00000000200004a8        0x8 Middlewares/Third_Party/FreeRTOS/Source/portable/GCC/ARM_CM3/port.o
 .bss           0x00000000200004b0      0xc18 Middlewares/Third_Party/FreeRTOS/Source/portable/MemMang/heap_4.o
 .bss           0x00000000200010c8       0x20 Src/Squashy/gamesys/gamesys.o
                0x00000000200010c8                score
                0x00000000200010cc                beep
                0x00000000200010d4                gameover
                0x00000000200010d8                prevCollision
                0x00000000200010dc                bally
                0x00000000200010e0                ballx
                0x00000000200010e4                padSpeed
 .bss           0x00000000200010e8     0x8000 Src/ssd1351.o
 *(.bss*)
 .bss.__malloc_free_list
                0x00000000200090e8        0x4 /home/gecko/Ac6/SystemWorkbench/plugins/fr.ac6.mcu.externaltools.arm-none.linux64_1.16.0.201807130628/tools/compiler/bin/../lib/gcc/arm-none-eabi/7.2.1/../../../../arm-none-eabi/lib/thumb/v7-m/libc_nano.a(lib_a-nano-mallocr.o)
                0x00000000200090e8                __malloc_free_list
 .bss.__malloc_sbrk_start
                0x00000000200090ec        0x4 /home/gecko/Ac6/SystemWorkbench/plugins/fr.ac6.mcu.externaltools.arm-none.linux64_1.16.0.201807130628/tools/compiler/bin/../lib/gcc/arm-none-eabi/7.2.1/../../../../arm-none-eabi/lib/thumb/v7-m/libc_nano.a(lib_a-nano-mallocr.o)
                0x00000000200090ec                __malloc_sbrk_start
 .bss.heap_end.4102
                0x00000000200090f0        0x4 /home/gecko/Ac6/SystemWorkbench/plugins/fr.ac6.mcu.externaltools.arm-none.linux64_1.16.0.201807130628/tools/compiler/bin/../lib/gcc/arm-none-eabi/7.2.1/../../../../arm-none-eabi/lib/thumb/v7-m/libnosys.a(sbrk.o)
 *(COMMON)
 COMMON         0x00000000200090f4        0x4 Drivers/STM32L1xx_HAL_Driver/Src/stm32l1xx_hal.o
                0x00000000200090f4                uwTick
 COMMON         0x00000000200090f8       0x18 Src/Squashy/gamesys/gamesys.o
                0x00000000200090f8                lHead
                0x00000000200090fc                player1
                0x0000000020009100                ball1
                0x0000000020009104                life
 COMMON         0x0000000020009110       0xd4 Src/main.o
                0x0000000020009110                defaultTaskHandle
                0x0000000020009114                hspi2
                0x000000002000916c                htim3
                0x00000000200091a4                huart2
 COMMON         0x00000000200091e4        0x2 Src/ssd1351.o
                0x00000000200091e4                SSD1351_cursor
 *fill*         0x00000000200091e6        0x2 
 COMMON         0x00000000200091e8       0x38 Src/stm32l1xx_hal_timebase_tim.o
                0x00000000200091e8                htim2
 COMMON         0x0000000020009220        0x4 /home/gecko/Ac6/SystemWorkbench/plugins/fr.ac6.mcu.externaltools.arm-none.linux64_1.16.0.201807130628/tools/compiler/bin/../lib/gcc/arm-none-eabi/7.2.1/../../../../arm-none-eabi/lib/thumb/v7-m/libc_nano.a(lib_a-reent.o)
                0x0000000020009220                errno
                0x0000000020009224                . = ALIGN (0x4)
                0x0000000020009224                _ebss = .
                0x0000000020009224                __bss_end__ = _ebss

._user_heap_stack
                0x0000000020009224      0x604 load address 0x00000000080069f8
                0x0000000020009228                . = ALIGN (0x8)
 *fill*         0x0000000020009224        0x4 
                0x0000000020009228                PROVIDE (end, .)
                [!provide]                        PROVIDE (_end, .)
                0x0000000020009428                . = (. + _Min_Heap_Size)
 *fill*         0x0000000020009228      0x200 
                0x0000000020009828                . = (. + _Min_Stack_Size)
 *fill*         0x0000000020009428      0x400 
                0x0000000020009828                . = ALIGN (0x8)

/DISCARD/
 libc.a(*)
 libm.a(*)
 libgcc.a(*)

.ARM.attributes
                0x0000000000000000       0x29
 *(.ARM.attributes)
 .ARM.attributes
                0x0000000000000000       0x1d /home/gecko/Ac6/SystemWorkbench/plugins/fr.ac6.mcu.externaltools.arm-none.linux64_1.16.0.201807130628/tools/compiler/bin/../lib/gcc/arm-none-eabi/7.2.1/thumb/v7-m/crti.o
 .ARM.attributes
                0x000000000000001d       0x2d /home/gecko/Ac6/SystemWorkbench/plugins/fr.ac6.mcu.externaltools.arm-none.linux64_1.16.0.201807130628/tools/compiler/bin/../lib/gcc/arm-none-eabi/7.2.1/thumb/v7-m/crtbegin.o
 .ARM.attributes
                0x000000000000004a       0x33 Drivers/STM32L1xx_HAL_Driver/Src/stm32l1xx_hal.o
 .ARM.attributes
                0x000000000000007d       0x33 Drivers/STM32L1xx_HAL_Driver/Src/stm32l1xx_hal_cortex.o
 .ARM.attributes
                0x00000000000000b0       0x33 Drivers/STM32L1xx_HAL_Driver/Src/stm32l1xx_hal_gpio.o
 .ARM.attributes
                0x00000000000000e3       0x33 Drivers/STM32L1xx_HAL_Driver/Src/stm32l1xx_hal_rcc.o
 .ARM.attributes
                0x0000000000000116       0x33 Drivers/STM32L1xx_HAL_Driver/Src/stm32l1xx_hal_spi.o
 .ARM.attributes
                0x0000000000000149       0x33 Drivers/STM32L1xx_HAL_Driver/Src/stm32l1xx_hal_spi_ex.o
 .ARM.attributes
                0x000000000000017c       0x33 Drivers/STM32L1xx_HAL_Driver/Src/stm32l1xx_hal_tim.o
 .ARM.attributes
                0x00000000000001af       0x33 Drivers/STM32L1xx_HAL_Driver/Src/stm32l1xx_hal_tim_ex.o
 .ARM.attributes
                0x00000000000001e2       0x33 Drivers/STM32L1xx_HAL_Driver/Src/stm32l1xx_hal_uart.o
 .ARM.attributes
                0x0000000000000215       0x33 Middlewares/Third_Party/FreeRTOS/Source/CMSIS_RTOS/cmsis_os.o
 .ARM.attributes
                0x0000000000000248       0x33 Middlewares/Third_Party/FreeRTOS/Source/list.o
 .ARM.attributes
                0x000000000000027b       0x33 Middlewares/Third_Party/FreeRTOS/Source/tasks.o
 .ARM.attributes
                0x00000000000002ae       0x33 Middlewares/Third_Party/FreeRTOS/Source/portable/GCC/ARM_CM3/port.o
 .ARM.attributes
                0x00000000000002e1       0x33 Middlewares/Third_Party/FreeRTOS/Source/portable/MemMang/heap_4.o
 .ARM.attributes
                0x0000000000000314       0x33 Src/Squashy/gamesys/gamesys.o
 .ARM.attributes
                0x0000000000000347       0x33 Src/color_palette.o
 .ARM.attributes
                0x000000000000037a       0x33 Src/fonts.o
 .ARM.attributes
                0x00000000000003ad       0x33 Src/loaded_sprites.o
 .ARM.attributes
                0x00000000000003e0       0x33 Src/main.o
 .ARM.attributes
                0x0000000000000413       0x33 Src/myHAL.o
 .ARM.attributes
                0x0000000000000446       0x33 Src/ssd1351.o
 .ARM.attributes
                0x0000000000000479       0x33 Src/stm32l1xx_hal_msp.o
 .ARM.attributes
                0x00000000000004ac       0x33 Src/stm32l1xx_hal_timebase_tim.o
 .ARM.attributes
                0x00000000000004df       0x33 Src/stm32l1xx_it.o
 .ARM.attributes
                0x0000000000000512       0x33 Src/system_stm32l1xx.o
 .ARM.attributes
                0x0000000000000545       0x21 startup/startup_stm32l152xe.o
 .ARM.attributes
                0x0000000000000566       0x2d /home/gecko/Ac6/SystemWorkbench/plugins/fr.ac6.mcu.externaltools.arm-none.linux64_1.16.0.201807130628/tools/compiler/bin/../lib/gcc/arm-none-eabi/7.2.1/../../../../arm-none-eabi/lib/thumb/v7-m/libc_nano.a(lib_a-impure.o)
 .ARM.attributes
                0x0000000000000593       0x2d /home/gecko/Ac6/SystemWorkbench/plugins/fr.ac6.mcu.externaltools.arm-none.linux64_1.16.0.201807130628/tools/compiler/bin/../lib/gcc/arm-none-eabi/7.2.1/../../../../arm-none-eabi/lib/thumb/v7-m/libc_nano.a(lib_a-init.o)
 .ARM.attributes
                0x00000000000005c0       0x2d /home/gecko/Ac6/SystemWorkbench/plugins/fr.ac6.mcu.externaltools.arm-none.linux64_1.16.0.201807130628/tools/compiler/bin/../lib/gcc/arm-none-eabi/7.2.1/../../../../arm-none-eabi/lib/thumb/v7-m/libc_nano.a(lib_a-malloc.o)
 .ARM.attributes
                0x00000000000005ed       0x2d /home/gecko/Ac6/SystemWorkbench/plugins/fr.ac6.mcu.externaltools.arm-none.linux64_1.16.0.201807130628/tools/compiler/bin/../lib/gcc/arm-none-eabi/7.2.1/../../../../arm-none-eabi/lib/thumb/v7-m/libc_nano.a(lib_a-memcpy-stub.o)
 .ARM.attributes
                0x000000000000061a       0x2d /home/gecko/Ac6/SystemWorkbench/plugins/fr.ac6.mcu.externaltools.arm-none.linux64_1.16.0.201807130628/tools/compiler/bin/../lib/gcc/arm-none-eabi/7.2.1/../../../../arm-none-eabi/lib/thumb/v7-m/libc_nano.a(lib_a-memset.o)
 .ARM.attributes
                0x0000000000000647       0x2d /home/gecko/Ac6/SystemWorkbench/plugins/fr.ac6.mcu.externaltools.arm-none.linux64_1.16.0.201807130628/tools/compiler/bin/../lib/gcc/arm-none-eabi/7.2.1/../../../../arm-none-eabi/lib/thumb/v7-m/libc_nano.a(lib_a-nano-freer.o)
 .ARM.attributes
                0x0000000000000674       0x2d /home/gecko/Ac6/SystemWorkbench/plugins/fr.ac6.mcu.externaltools.arm-none.linux64_1.16.0.201807130628/tools/compiler/bin/../lib/gcc/arm-none-eabi/7.2.1/../../../../arm-none-eabi/lib/thumb/v7-m/libc_nano.a(lib_a-nano-mallocr.o)
 .ARM.attributes
                0x00000000000006a1       0x2d /home/gecko/Ac6/SystemWorkbench/plugins/fr.ac6.mcu.externaltools.arm-none.linux64_1.16.0.201807130628/tools/compiler/bin/../lib/gcc/arm-none-eabi/7.2.1/../../../../arm-none-eabi/lib/thumb/v7-m/libc_nano.a(lib_a-sbrkr.o)
 .ARM.attributes
                0x00000000000006ce       0x2d /home/gecko/Ac6/SystemWorkbench/plugins/fr.ac6.mcu.externaltools.arm-none.linux64_1.16.0.201807130628/tools/compiler/bin/../lib/gcc/arm-none-eabi/7.2.1/../../../../arm-none-eabi/lib/thumb/v7-m/libc_nano.a(lib_a-sprintf.o)
 .ARM.attributes
                0x00000000000006fb       0x2d /home/gecko/Ac6/SystemWorkbench/plugins/fr.ac6.mcu.externaltools.arm-none.linux64_1.16.0.201807130628/tools/compiler/bin/../lib/gcc/arm-none-eabi/7.2.1/../../../../arm-none-eabi/lib/thumb/v7-m/libc_nano.a(lib_a-mlock.o)
 .ARM.attributes
                0x0000000000000728       0x2d /home/gecko/Ac6/SystemWorkbench/plugins/fr.ac6.mcu.externaltools.arm-none.linux64_1.16.0.201807130628/tools/compiler/bin/../lib/gcc/arm-none-eabi/7.2.1/../../../../arm-none-eabi/lib/thumb/v7-m/libc_nano.a(lib_a-nano-svfprintf.o)
 .ARM.attributes
                0x0000000000000755       0x2d /home/gecko/Ac6/SystemWorkbench/plugins/fr.ac6.mcu.externaltools.arm-none.linux64_1.16.0.201807130628/tools/compiler/bin/../lib/gcc/arm-none-eabi/7.2.1/../../../../arm-none-eabi/lib/thumb/v7-m/libc_nano.a(lib_a-nano-vfprintf_i.o)
 .ARM.attributes
                0x0000000000000782       0x2d /home/gecko/Ac6/SystemWorkbench/plugins/fr.ac6.mcu.externaltools.arm-none.linux64_1.16.0.201807130628/tools/compiler/bin/../lib/gcc/arm-none-eabi/7.2.1/../../../../arm-none-eabi/lib/thumb/v7-m/libc_nano.a(lib_a-reent.o)
 .ARM.attributes
                0x00000000000007af       0x2d /home/gecko/Ac6/SystemWorkbench/plugins/fr.ac6.mcu.externaltools.arm-none.linux64_1.16.0.201807130628/tools/compiler/bin/../lib/gcc/arm-none-eabi/7.2.1/../../../../arm-none-eabi/lib/thumb/v7-m/libc_nano.a(lib_a-memchr-stub.o)
 .ARM.attributes
                0x00000000000007dc       0x2d /home/gecko/Ac6/SystemWorkbench/plugins/fr.ac6.mcu.externaltools.arm-none.linux64_1.16.0.201807130628/tools/compiler/bin/../lib/gcc/arm-none-eabi/7.2.1/../../../../arm-none-eabi/lib/thumb/v7-m/libc_nano.a(lib_a-memmove.o)
 .ARM.attributes
                0x0000000000000809       0x2d /home/gecko/Ac6/SystemWorkbench/plugins/fr.ac6.mcu.externaltools.arm-none.linux64_1.16.0.201807130628/tools/compiler/bin/../lib/gcc/arm-none-eabi/7.2.1/../../../../arm-none-eabi/lib/thumb/v7-m/libc_nano.a(lib_a-nano-reallocr.o)
 .ARM.attributes
                0x0000000000000836       0x2d /home/gecko/Ac6/SystemWorkbench/plugins/fr.ac6.mcu.externaltools.arm-none.linux64_1.16.0.201807130628/tools/compiler/bin/../lib/gcc/arm-none-eabi/7.2.1/../../../../arm-none-eabi/lib/thumb/v7-m/libc_nano.a(lib_a-nano-msizer.o)
 .ARM.attributes
                0x0000000000000863       0x2d /home/gecko/Ac6/SystemWorkbench/plugins/fr.ac6.mcu.externaltools.arm-none.linux64_1.16.0.201807130628/tools/compiler/bin/../lib/gcc/arm-none-eabi/7.2.1/../../../../arm-none-eabi/lib/thumb/v7-m/libnosys.a(sbrk.o)
 .ARM.attributes
                0x0000000000000890       0x1d /home/gecko/Ac6/SystemWorkbench/plugins/fr.ac6.mcu.externaltools.arm-none.linux64_1.16.0.201807130628/tools/compiler/bin/../lib/gcc/arm-none-eabi/7.2.1/thumb/v7-m/crtn.o
OUTPUT(NucleoSquashyColor.elf elf32-littlearm)

.debug_info     0x0000000000000000    0x204d3
 .debug_info    0x0000000000000000      0xed6 Drivers/STM32L1xx_HAL_Driver/Src/stm32l1xx_hal.o
 .debug_info    0x0000000000000ed6     0x16e4 Drivers/STM32L1xx_HAL_Driver/Src/stm32l1xx_hal_cortex.o
 .debug_info    0x00000000000025ba      0xea7 Drivers/STM32L1xx_HAL_Driver/Src/stm32l1xx_hal_gpio.o
 .debug_info    0x0000000000003461     0x1edd Drivers/STM32L1xx_HAL_Driver/Src/stm32l1xx_hal_rcc.o
 .debug_info    0x000000000000533e     0x1e08 Drivers/STM32L1xx_HAL_Driver/Src/stm32l1xx_hal_spi.o
 .debug_info    0x0000000000007146      0xe5e Drivers/STM32L1xx_HAL_Driver/Src/stm32l1xx_hal_spi_ex.o
 .debug_info    0x0000000000007fa4     0x35a9 Drivers/STM32L1xx_HAL_Driver/Src/stm32l1xx_hal_tim.o
 .debug_info    0x000000000000b54d      0xe9c Drivers/STM32L1xx_HAL_Driver/Src/stm32l1xx_hal_tim_ex.o
 .debug_info    0x000000000000c3e9     0x1a29 Drivers/STM32L1xx_HAL_Driver/Src/stm32l1xx_hal_uart.o
 .debug_info    0x000000000000de12     0x231e Middlewares/Third_Party/FreeRTOS/Source/CMSIS_RTOS/cmsis_os.o
 .debug_info    0x0000000000010130      0xacd Middlewares/Third_Party/FreeRTOS/Source/list.o
 .debug_info    0x0000000000010bfd     0x2915 Middlewares/Third_Party/FreeRTOS/Source/tasks.o
 .debug_info    0x0000000000013512      0x4cb Middlewares/Third_Party/FreeRTOS/Source/portable/GCC/ARM_CM3/port.o
 .debug_info    0x00000000000139dd      0xc71 Middlewares/Third_Party/FreeRTOS/Source/portable/MemMang/heap_4.o
 .debug_info    0x000000000001464e     0x1929 Src/Squashy/gamesys/gamesys.o
 .debug_info    0x0000000000015f77       0x9f Src/color_palette.o
 .debug_info    0x0000000000016016      0x19c Src/fonts.o
 .debug_info    0x00000000000161b2      0x98a Src/loaded_sprites.o
 .debug_info    0x0000000000016b3c     0x2047 Src/main.o
 .debug_info    0x0000000000018b83     0x1006 Src/myHAL.o
 .debug_info    0x0000000000019b89     0x23be Src/ssd1351.o
 .debug_info    0x000000000001bf47     0x1874 Src/stm32l1xx_hal_msp.o
 .debug_info    0x000000000001d7bb     0x121f Src/stm32l1xx_hal_timebase_tim.o
 .debug_info    0x000000000001e9da      0xe61 Src/stm32l1xx_it.o
 .debug_info    0x000000000001f83b      0xc76 Src/system_stm32l1xx.o
 .debug_info    0x00000000000204b1       0x22 startup/startup_stm32l152xe.o

.debug_abbrev   0x0000000000000000     0x4114
 .debug_abbrev  0x0000000000000000      0x2c9 Drivers/STM32L1xx_HAL_Driver/Src/stm32l1xx_hal.o
 .debug_abbrev  0x00000000000002c9      0x3ba Drivers/STM32L1xx_HAL_Driver/Src/stm32l1xx_hal_cortex.o
 .debug_abbrev  0x0000000000000683      0x2a7 Drivers/STM32L1xx_HAL_Driver/Src/stm32l1xx_hal_gpio.o
 .debug_abbrev  0x000000000000092a      0x352 Drivers/STM32L1xx_HAL_Driver/Src/stm32l1xx_hal_rcc.o
 .debug_abbrev  0x0000000000000c7c      0x319 Drivers/STM32L1xx_HAL_Driver/Src/stm32l1xx_hal_spi.o
 .debug_abbrev  0x0000000000000f95      0x215 Drivers/STM32L1xx_HAL_Driver/Src/stm32l1xx_hal_spi_ex.o
 .debug_abbrev  0x00000000000011aa      0x2cf Drivers/STM32L1xx_HAL_Driver/Src/stm32l1xx_hal_tim.o
 .debug_abbrev  0x0000000000001479      0x1fc Drivers/STM32L1xx_HAL_Driver/Src/stm32l1xx_hal_tim_ex.o
 .debug_abbrev  0x0000000000001675      0x2fd Drivers/STM32L1xx_HAL_Driver/Src/stm32l1xx_hal_uart.o
 .debug_abbrev  0x0000000000001972      0x3d4 Middlewares/Third_Party/FreeRTOS/Source/CMSIS_RTOS/cmsis_os.o
 .debug_abbrev  0x0000000000001d46      0x21c Middlewares/Third_Party/FreeRTOS/Source/list.o
 .debug_abbrev  0x0000000000001f62      0x3cf Middlewares/Third_Party/FreeRTOS/Source/tasks.o
 .debug_abbrev  0x0000000000002331      0x24e Middlewares/Third_Party/FreeRTOS/Source/portable/GCC/ARM_CM3/port.o
 .debug_abbrev  0x000000000000257f      0x318 Middlewares/Third_Party/FreeRTOS/Source/portable/MemMang/heap_4.o
 .debug_abbrev  0x0000000000002897      0x30f Src/Squashy/gamesys/gamesys.o
 .debug_abbrev  0x0000000000002ba6       0x59 Src/color_palette.o
 .debug_abbrev  0x0000000000002bff       0xa1 Src/fonts.o
 .debug_abbrev  0x0000000000002ca0      0x19f Src/loaded_sprites.o
 .debug_abbrev  0x0000000000002e3f      0x357 Src/main.o
 .debug_abbrev  0x0000000000003196      0x261 Src/myHAL.o
 .debug_abbrev  0x00000000000033f7      0x3e8 Src/ssd1351.o
 .debug_abbrev  0x00000000000037df      0x286 Src/stm32l1xx_hal_msp.o
 .debug_abbrev  0x0000000000003a65      0x288 Src/stm32l1xx_hal_timebase_tim.o
 .debug_abbrev  0x0000000000003ced      0x210 Src/stm32l1xx_it.o
 .debug_abbrev  0x0000000000003efd      0x205 Src/system_stm32l1xx.o
 .debug_abbrev  0x0000000000004102       0x12 startup/startup_stm32l152xe.o

.debug_loc      0x0000000000000000     0xabd3
 .debug_loc     0x0000000000000000       0x6a Drivers/STM32L1xx_HAL_Driver/Src/stm32l1xx_hal.o
 .debug_loc     0x000000000000006a      0x5ce Drivers/STM32L1xx_HAL_Driver/Src/stm32l1xx_hal_cortex.o
 .debug_loc     0x0000000000000638      0x38d Drivers/STM32L1xx_HAL_Driver/Src/stm32l1xx_hal_gpio.o
 .debug_loc     0x00000000000009c5      0xb22 Drivers/STM32L1xx_HAL_Driver/Src/stm32l1xx_hal_rcc.o
 .debug_loc     0x00000000000014e7     0x14c8 Drivers/STM32L1xx_HAL_Driver/Src/stm32l1xx_hal_spi.o
 .debug_loc     0x00000000000029af       0x4d Drivers/STM32L1xx_HAL_Driver/Src/stm32l1xx_hal_spi_ex.o
 .debug_loc     0x00000000000029fc     0x3550 Drivers/STM32L1xx_HAL_Driver/Src/stm32l1xx_hal_tim.o
 .debug_loc     0x0000000000005f4c       0xa0 Drivers/STM32L1xx_HAL_Driver/Src/stm32l1xx_hal_tim_ex.o
 .debug_loc     0x0000000000005fec     0x1268 Drivers/STM32L1xx_HAL_Driver/Src/stm32l1xx_hal_uart.o
 .debug_loc     0x0000000000007254      0xee1 Middlewares/Third_Party/FreeRTOS/Source/CMSIS_RTOS/cmsis_os.o
 .debug_loc     0x0000000000008135       0x70 Middlewares/Third_Party/FreeRTOS/Source/list.o
 .debug_loc     0x00000000000081a5     0x11ef Middlewares/Third_Party/FreeRTOS/Source/tasks.o
 .debug_loc     0x0000000000009394       0xce Middlewares/Third_Party/FreeRTOS/Source/portable/GCC/ARM_CM3/port.o
 .debug_loc     0x0000000000009462      0x291 Middlewares/Third_Party/FreeRTOS/Source/portable/MemMang/heap_4.o
 .debug_loc     0x00000000000096f3      0x33d Src/Squashy/gamesys/gamesys.o
 .debug_loc     0x0000000000009a30      0x129 Src/main.o
 .debug_loc     0x0000000000009b59       0xd0 Src/myHAL.o
 .debug_loc     0x0000000000009c29      0xc80 Src/ssd1351.o
 .debug_loc     0x000000000000a8a9      0x122 Src/stm32l1xx_hal_msp.o
 .debug_loc     0x000000000000a9cb       0x79 Src/stm32l1xx_hal_timebase_tim.o
 .debug_loc     0x000000000000aa44      0x18f Src/system_stm32l1xx.o

.debug_aranges  0x0000000000000000     0x1088
 .debug_aranges
                0x0000000000000000       0xb0 Drivers/STM32L1xx_HAL_Driver/Src/stm32l1xx_hal.o
 .debug_aranges
                0x00000000000000b0       0xa8 Drivers/STM32L1xx_HAL_Driver/Src/stm32l1xx_hal_cortex.o
 .debug_aranges
                0x0000000000000158       0x58 Drivers/STM32L1xx_HAL_Driver/Src/stm32l1xx_hal_gpio.o
 .debug_aranges
                0x00000000000001b0       0x90 Drivers/STM32L1xx_HAL_Driver/Src/stm32l1xx_hal_rcc.o
 .debug_aranges
                0x0000000000000240      0x150 Drivers/STM32L1xx_HAL_Driver/Src/stm32l1xx_hal_spi.o
 .debug_aranges
                0x0000000000000390       0x20 Drivers/STM32L1xx_HAL_Driver/Src/stm32l1xx_hal_spi_ex.o
 .debug_aranges
                0x00000000000003b0      0x368 Drivers/STM32L1xx_HAL_Driver/Src/stm32l1xx_hal_tim.o
 .debug_aranges
                0x0000000000000718       0x28 Drivers/STM32L1xx_HAL_Driver/Src/stm32l1xx_hal_tim_ex.o
 .debug_aranges
                0x0000000000000740      0x150 Drivers/STM32L1xx_HAL_Driver/Src/stm32l1xx_hal_uart.o
 .debug_aranges
                0x0000000000000890      0x1d8 Middlewares/Third_Party/FreeRTOS/Source/CMSIS_RTOS/cmsis_os.o
 .debug_aranges
                0x0000000000000a68       0x40 Middlewares/Third_Party/FreeRTOS/Source/list.o
 .debug_aranges
                0x0000000000000aa8      0x190 Middlewares/Third_Party/FreeRTOS/Source/tasks.o
 .debug_aranges
                0x0000000000000c38       0x78 Middlewares/Third_Party/FreeRTOS/Source/portable/GCC/ARM_CM3/port.o
 .debug_aranges
                0x0000000000000cb0       0x50 Middlewares/Third_Party/FreeRTOS/Source/portable/MemMang/heap_4.o
 .debug_aranges
                0x0000000000000d00       0x78 Src/Squashy/gamesys/gamesys.o
 .debug_aranges
                0x0000000000000d78       0x18 Src/color_palette.o
 .debug_aranges
                0x0000000000000d90       0x18 Src/fonts.o
 .debug_aranges
                0x0000000000000da8       0x18 Src/loaded_sprites.o
 .debug_aranges
                0x0000000000000dc0       0x90 Src/main.o
 .debug_aranges
                0x0000000000000e50       0x38 Src/myHAL.o
 .debug_aranges
                0x0000000000000e88       0xd8 Src/ssd1351.o
 .debug_aranges
                0x0000000000000f60       0x58 Src/stm32l1xx_hal_msp.o
 .debug_aranges
                0x0000000000000fb8       0x30 Src/stm32l1xx_hal_timebase_tim.o
 .debug_aranges
                0x0000000000000fe8       0x50 Src/stm32l1xx_it.o
 .debug_aranges
                0x0000000000001038       0x28 Src/system_stm32l1xx.o
 .debug_aranges
                0x0000000000001060       0x28 startup/startup_stm32l152xe.o

.debug_ranges   0x0000000000000000     0x1038
 .debug_ranges  0x0000000000000000       0xa0 Drivers/STM32L1xx_HAL_Driver/Src/stm32l1xx_hal.o
 .debug_ranges  0x00000000000000a0       0xf8 Drivers/STM32L1xx_HAL_Driver/Src/stm32l1xx_hal_cortex.o
 .debug_ranges  0x0000000000000198       0x48 Drivers/STM32L1xx_HAL_Driver/Src/stm32l1xx_hal_gpio.o
 .debug_ranges  0x00000000000001e0       0x98 Drivers/STM32L1xx_HAL_Driver/Src/stm32l1xx_hal_rcc.o
 .debug_ranges  0x0000000000000278      0x140 Drivers/STM32L1xx_HAL_Driver/Src/stm32l1xx_hal_spi.o
 .debug_ranges  0x00000000000003b8       0x10 Drivers/STM32L1xx_HAL_Driver/Src/stm32l1xx_hal_spi_ex.o
 .debug_ranges  0x00000000000003c8      0x358 Drivers/STM32L1xx_HAL_Driver/Src/stm32l1xx_hal_tim.o
 .debug_ranges  0x0000000000000720       0x18 Drivers/STM32L1xx_HAL_Driver/Src/stm32l1xx_hal_tim_ex.o
 .debug_ranges  0x0000000000000738      0x140 Drivers/STM32L1xx_HAL_Driver/Src/stm32l1xx_hal_uart.o
 .debug_ranges  0x0000000000000878      0x1c8 Middlewares/Third_Party/FreeRTOS/Source/CMSIS_RTOS/cmsis_os.o
 .debug_ranges  0x0000000000000a40       0x30 Middlewares/Third_Party/FreeRTOS/Source/list.o
 .debug_ranges  0x0000000000000a70      0x1f0 Middlewares/Third_Party/FreeRTOS/Source/tasks.o
 .debug_ranges  0x0000000000000c60       0x68 Middlewares/Third_Party/FreeRTOS/Source/portable/GCC/ARM_CM3/port.o
 .debug_ranges  0x0000000000000cc8       0x40 Middlewares/Third_Party/FreeRTOS/Source/portable/MemMang/heap_4.o
 .debug_ranges  0x0000000000000d08       0x80 Src/Squashy/gamesys/gamesys.o
 .debug_ranges  0x0000000000000d88       0x80 Src/main.o
 .debug_ranges  0x0000000000000e08       0x28 Src/myHAL.o
 .debug_ranges  0x0000000000000e30      0x128 Src/ssd1351.o
 .debug_ranges  0x0000000000000f58       0x48 Src/stm32l1xx_hal_msp.o
 .debug_ranges  0x0000000000000fa0       0x20 Src/stm32l1xx_hal_timebase_tim.o
 .debug_ranges  0x0000000000000fc0       0x40 Src/stm32l1xx_it.o
 .debug_ranges  0x0000000000001000       0x18 Src/system_stm32l1xx.o
 .debug_ranges  0x0000000000001018       0x20 startup/startup_stm32l152xe.o

.debug_macro    0x0000000000000000    0x1a39e
 .debug_macro   0x0000000000000000      0x321 Drivers/STM32L1xx_HAL_Driver/Src/stm32l1xx_hal.o
 .debug_macro   0x0000000000000321      0xa60 Drivers/STM32L1xx_HAL_Driver/Src/stm32l1xx_hal.o
 .debug_macro   0x0000000000000d81       0x94 Drivers/STM32L1xx_HAL_Driver/Src/stm32l1xx_hal.o
 .debug_macro   0x0000000000000e15       0x2e Drivers/STM32L1xx_HAL_Driver/Src/stm32l1xx_hal.o
 .debug_macro   0x0000000000000e43       0x22 Drivers/STM32L1xx_HAL_Driver/Src/stm32l1xx_hal.o
 .debug_macro   0x0000000000000e65       0x22 Drivers/STM32L1xx_HAL_Driver/Src/stm32l1xx_hal.o
 .debug_macro   0x0000000000000e87       0x87 Drivers/STM32L1xx_HAL_Driver/Src/stm32l1xx_hal.o
 .debug_macro   0x0000000000000f0e       0x51 Drivers/STM32L1xx_HAL_Driver/Src/stm32l1xx_hal.o
 .debug_macro   0x0000000000000f5f       0xef Drivers/STM32L1xx_HAL_Driver/Src/stm32l1xx_hal.o
 .debug_macro   0x000000000000104e       0x6a Drivers/STM32L1xx_HAL_Driver/Src/stm32l1xx_hal.o
 .debug_macro   0x00000000000010b8      0x1df Drivers/STM32L1xx_HAL_Driver/Src/stm32l1xx_hal.o
 .debug_macro   0x0000000000001297       0x34 Drivers/STM32L1xx_HAL_Driver/Src/stm32l1xx_hal.o
 .debug_macro   0x00000000000012cb       0x34 Drivers/STM32L1xx_HAL_Driver/Src/stm32l1xx_hal.o
 .debug_macro   0x00000000000012ff      0xcb4 Drivers/STM32L1xx_HAL_Driver/Src/stm32l1xx_hal.o
 .debug_macro   0x0000000000001fb3     0xbeb6 Drivers/STM32L1xx_HAL_Driver/Src/stm32l1xx_hal.o
 .debug_macro   0x000000000000de69       0x43 Drivers/STM32L1xx_HAL_Driver/Src/stm32l1xx_hal.o
 .debug_macro   0x000000000000deac     0x342b Drivers/STM32L1xx_HAL_Driver/Src/stm32l1xx_hal.o
 .debug_macro   0x00000000000112d7       0x58 Drivers/STM32L1xx_HAL_Driver/Src/stm32l1xx_hal.o
 .debug_macro   0x000000000001132f       0x17 Drivers/STM32L1xx_HAL_Driver/Src/stm32l1xx_hal.o
 .debug_macro   0x0000000000011346       0x35 Drivers/STM32L1xx_HAL_Driver/Src/stm32l1xx_hal.o
 .debug_macro   0x000000000001137b       0x9c Drivers/STM32L1xx_HAL_Driver/Src/stm32l1xx_hal.o
 .debug_macro   0x0000000000011417       0x16 Drivers/STM32L1xx_HAL_Driver/Src/stm32l1xx_hal.o
 .debug_macro   0x000000000001142d       0x97 Drivers/STM32L1xx_HAL_Driver/Src/stm32l1xx_hal.o
 .debug_macro   0x00000000000114c4      0x330 Drivers/STM32L1xx_HAL_Driver/Src/stm32l1xx_hal.o
 .debug_macro   0x00000000000117f4       0xfd Drivers/STM32L1xx_HAL_Driver/Src/stm32l1xx_hal.o
 .debug_macro   0x00000000000118f1       0x10 Drivers/STM32L1xx_HAL_Driver/Src/stm32l1xx_hal.o
 .debug_macro   0x0000000000011901       0x58 Drivers/STM32L1xx_HAL_Driver/Src/stm32l1xx_hal.o
 .debug_macro   0x0000000000011959       0x1f Drivers/STM32L1xx_HAL_Driver/Src/stm32l1xx_hal.o
 .debug_macro   0x0000000000011978       0x43 Drivers/STM32L1xx_HAL_Driver/Src/stm32l1xx_hal.o
 .debug_macro   0x00000000000119bb       0x20 Drivers/STM32L1xx_HAL_Driver/Src/stm32l1xx_hal.o
 .debug_macro   0x00000000000119db      0x18e Drivers/STM32L1xx_HAL_Driver/Src/stm32l1xx_hal.o
 .debug_macro   0x0000000000011b69       0x10 Drivers/STM32L1xx_HAL_Driver/Src/stm32l1xx_hal.o
 .debug_macro   0x0000000000011b79       0x1c Drivers/STM32L1xx_HAL_Driver/Src/stm32l1xx_hal.o
 .debug_macro   0x0000000000011b95       0x52 Drivers/STM32L1xx_HAL_Driver/Src/stm32l1xx_hal.o
 .debug_macro   0x0000000000011be7       0x40 Drivers/STM32L1xx_HAL_Driver/Src/stm32l1xx_hal.o
 .debug_macro   0x0000000000011c27       0x10 Drivers/STM32L1xx_HAL_Driver/Src/stm32l1xx_hal.o
 .debug_macro   0x0000000000011c37       0x40 Drivers/STM32L1xx_HAL_Driver/Src/stm32l1xx_hal.o
 .debug_macro   0x0000000000011c77       0xd7 Drivers/STM32L1xx_HAL_Driver/Src/stm32l1xx_hal.o
 .debug_macro   0x0000000000011d4e       0x1c Drivers/STM32L1xx_HAL_Driver/Src/stm32l1xx_hal.o
 .debug_macro   0x0000000000011d6a       0x3d Drivers/STM32L1xx_HAL_Driver/Src/stm32l1xx_hal.o
 .debug_macro   0x0000000000011da7       0x16 Drivers/STM32L1xx_HAL_Driver/Src/stm32l1xx_hal.o
 .debug_macro   0x0000000000011dbd      0x16f Drivers/STM32L1xx_HAL_Driver/Src/stm32l1xx_hal.o
 .debug_macro   0x0000000000011f2c       0x50 Drivers/STM32L1xx_HAL_Driver/Src/stm32l1xx_hal.o
 .debug_macro   0x0000000000011f7c      0xe3e Drivers/STM32L1xx_HAL_Driver/Src/stm32l1xx_hal.o
 .debug_macro   0x0000000000012dba      0x363 Drivers/STM32L1xx_HAL_Driver/Src/stm32l1xx_hal.o
 .debug_macro   0x000000000001311d      0x141 Drivers/STM32L1xx_HAL_Driver/Src/stm32l1xx_hal.o
 .debug_macro   0x000000000001325e       0xc6 Drivers/STM32L1xx_HAL_Driver/Src/stm32l1xx_hal.o
 .debug_macro   0x0000000000013324      0x25d Drivers/STM32L1xx_HAL_Driver/Src/stm32l1xx_hal.o
 .debug_macro   0x0000000000013581      0x23a Drivers/STM32L1xx_HAL_Driver/Src/stm32l1xx_hal.o
 .debug_macro   0x00000000000137bb      0x113 Drivers/STM32L1xx_HAL_Driver/Src/stm32l1xx_hal.o
 .debug_macro   0x00000000000138ce      0x56c Drivers/STM32L1xx_HAL_Driver/Src/stm32l1xx_hal.o
 .debug_macro   0x0000000000013e3a      0x1ed Drivers/STM32L1xx_HAL_Driver/Src/stm32l1xx_hal.o
 .debug_macro   0x0000000000014027       0x22 Drivers/STM32L1xx_HAL_Driver/Src/stm32l1xx_hal.o
 .debug_macro   0x0000000000014049      0x1ed Drivers/STM32L1xx_HAL_Driver/Src/stm32l1xx_hal.o
 .debug_macro   0x0000000000014236       0x1c Drivers/STM32L1xx_HAL_Driver/Src/stm32l1xx_hal.o
 .debug_macro   0x0000000000014252      0x757 Drivers/STM32L1xx_HAL_Driver/Src/stm32l1xx_hal.o
 .debug_macro   0x00000000000149a9       0xac Drivers/STM32L1xx_HAL_Driver/Src/stm32l1xx_hal.o
 .debug_macro   0x0000000000014a55      0x287 Drivers/STM32L1xx_HAL_Driver/Src/stm32l1xx_hal.o
 .debug_macro   0x0000000000014cdc      0x470 Drivers/STM32L1xx_HAL_Driver/Src/stm32l1xx_hal.o
 .debug_macro   0x000000000001514c      0x2fd Drivers/STM32L1xx_HAL_Driver/Src/stm32l1xx_hal_cortex.o
 .debug_macro   0x0000000000015449      0x336 Drivers/STM32L1xx_HAL_Driver/Src/stm32l1xx_hal_gpio.o
 .debug_macro   0x000000000001577f      0x339 Drivers/STM32L1xx_HAL_Driver/Src/stm32l1xx_hal_rcc.o
 .debug_macro   0x0000000000015ab8      0x303 Drivers/STM32L1xx_HAL_Driver/Src/stm32l1xx_hal_spi.o
 .debug_macro   0x0000000000015dbb      0x2fd Drivers/STM32L1xx_HAL_Driver/Src/stm32l1xx_hal_spi_ex.o
 .debug_macro   0x00000000000160b8      0x2fe Drivers/STM32L1xx_HAL_Driver/Src/stm32l1xx_hal_tim.o
 .debug_macro   0x00000000000163b6      0x2fd Drivers/STM32L1xx_HAL_Driver/Src/stm32l1xx_hal_tim_ex.o
 .debug_macro   0x00000000000166b3      0x2fe Drivers/STM32L1xx_HAL_Driver/Src/stm32l1xx_hal_uart.o
 .debug_macro   0x00000000000169b1      0x1ed Middlewares/Third_Party/FreeRTOS/Source/CMSIS_RTOS/cmsis_os.o
 .debug_macro   0x0000000000016b9e       0x52 Middlewares/Third_Party/FreeRTOS/Source/CMSIS_RTOS/cmsis_os.o
 .debug_macro   0x0000000000016bf0       0x8d Middlewares/Third_Party/FreeRTOS/Source/CMSIS_RTOS/cmsis_os.o
 .debug_macro   0x0000000000016c7d      0x174 Middlewares/Third_Party/FreeRTOS/Source/CMSIS_RTOS/cmsis_os.o
 .debug_macro   0x0000000000016df1       0x57 Middlewares/Third_Party/FreeRTOS/Source/CMSIS_RTOS/cmsis_os.o
 .debug_macro   0x0000000000016e48       0x10 Middlewares/Third_Party/FreeRTOS/Source/CMSIS_RTOS/cmsis_os.o
 .debug_macro   0x0000000000016e58       0x35 Middlewares/Third_Party/FreeRTOS/Source/CMSIS_RTOS/cmsis_os.o
 .debug_macro   0x0000000000016e8d       0xdf Middlewares/Third_Party/FreeRTOS/Source/CMSIS_RTOS/cmsis_os.o
 .debug_macro   0x0000000000016f6c      0x168 Middlewares/Third_Party/FreeRTOS/Source/CMSIS_RTOS/cmsis_os.o
 .debug_macro   0x00000000000170d4       0xe4 Middlewares/Third_Party/FreeRTOS/Source/CMSIS_RTOS/cmsis_os.o
 .debug_macro   0x00000000000171b8       0x10 Middlewares/Third_Party/FreeRTOS/Source/CMSIS_RTOS/cmsis_os.o
 .debug_macro   0x00000000000171c8       0x1f Middlewares/Third_Party/FreeRTOS/Source/CMSIS_RTOS/cmsis_os.o
 .debug_macro   0x00000000000171e7      0x40f Middlewares/Third_Party/FreeRTOS/Source/CMSIS_RTOS/cmsis_os.o
 .debug_macro   0x00000000000175f6       0xc0 Middlewares/Third_Party/FreeRTOS/Source/CMSIS_RTOS/cmsis_os.o
 .debug_macro   0x00000000000176b6       0x8c Middlewares/Third_Party/FreeRTOS/Source/CMSIS_RTOS/cmsis_os.o
 .debug_macro   0x0000000000017742       0x91 Middlewares/Third_Party/FreeRTOS/Source/CMSIS_RTOS/cmsis_os.o
 .debug_macro   0x00000000000177d3       0x94 Middlewares/Third_Party/FreeRTOS/Source/CMSIS_RTOS/cmsis_os.o
 .debug_macro   0x0000000000017867       0x63 Middlewares/Third_Party/FreeRTOS/Source/CMSIS_RTOS/cmsis_os.o
 .debug_macro   0x00000000000178ca       0x19 Middlewares/Third_Party/FreeRTOS/Source/CMSIS_RTOS/cmsis_os.o
 .debug_macro   0x00000000000178e3       0xcf Middlewares/Third_Party/FreeRTOS/Source/CMSIS_RTOS/cmsis_os.o
 .debug_macro   0x00000000000179b2       0x26 Middlewares/Third_Party/FreeRTOS/Source/CMSIS_RTOS/cmsis_os.o
 .debug_macro   0x00000000000179d8      0x17b Middlewares/Third_Party/FreeRTOS/Source/list.o
 .debug_macro   0x0000000000017b53      0x264 Middlewares/Third_Party/FreeRTOS/Source/tasks.o
 .debug_macro   0x0000000000017db7       0x11 Middlewares/Third_Party/FreeRTOS/Source/tasks.o
 .debug_macro   0x0000000000017dc8      0x176 Middlewares/Third_Party/FreeRTOS/Source/portable/GCC/ARM_CM3/port.o
 .debug_macro   0x0000000000017f3e      0x1a2 Middlewares/Third_Party/FreeRTOS/Source/portable/MemMang/heap_4.o
 .debug_macro   0x00000000000180e0      0x3b0 Src/Squashy/gamesys/gamesys.o
 .debug_macro   0x0000000000018490       0x22 Src/Squashy/gamesys/gamesys.o
 .debug_macro   0x00000000000184b2      0x1e1 Src/Squashy/gamesys/gamesys.o
 .debug_macro   0x0000000000018693       0x4c Src/Squashy/gamesys/gamesys.o
 .debug_macro   0x00000000000186df       0x1c Src/Squashy/gamesys/gamesys.o
 .debug_macro   0x00000000000186fb       0x10 Src/Squashy/gamesys/gamesys.o
 .debug_macro   0x000000000001870b      0x160 Src/Squashy/gamesys/gamesys.o
 .debug_macro   0x000000000001886b       0x1c Src/Squashy/gamesys/gamesys.o
 .debug_macro   0x0000000000018887       0x6d Src/color_palette.o
 .debug_macro   0x00000000000188f4       0x72 Src/fonts.o
 .debug_macro   0x0000000000018966       0x16 Src/fonts.o
 .debug_macro   0x000000000001897c      0x12f Src/loaded_sprites.o
 .debug_macro   0x0000000000018aab      0x473 Src/main.o
 .debug_macro   0x0000000000018f1e       0xdf Src/main.o
 .debug_macro   0x0000000000018ffd      0x30d Src/myHAL.o
 .debug_macro   0x000000000001930a      0x390 Src/ssd1351.o
 .debug_macro   0x000000000001969a       0x1c Src/ssd1351.o
 .debug_macro   0x00000000000196b6      0x315 Src/stm32l1xx_hal_msp.o
 .debug_macro   0x00000000000199cb      0x2fd Src/stm32l1xx_hal_timebase_tim.o
 .debug_macro   0x0000000000019cc8      0x3d3 Src/stm32l1xx_it.o
 .debug_macro   0x000000000001a09b      0x303 Src/system_stm32l1xx.o

.debug_line     0x0000000000000000     0xf597
 .debug_line    0x0000000000000000      0x948 Drivers/STM32L1xx_HAL_Driver/Src/stm32l1xx_hal.o
 .debug_line    0x0000000000000948      0xa24 Drivers/STM32L1xx_HAL_Driver/Src/stm32l1xx_hal_cortex.o
 .debug_line    0x000000000000136c      0x962 Drivers/STM32L1xx_HAL_Driver/Src/stm32l1xx_hal_gpio.o
 .debug_line    0x0000000000001cce      0xdf5 Drivers/STM32L1xx_HAL_Driver/Src/stm32l1xx_hal_rcc.o
 .debug_line    0x0000000000002ac3     0x10aa Drivers/STM32L1xx_HAL_Driver/Src/stm32l1xx_hal_spi.o
 .debug_line    0x0000000000003b6d      0x821 Drivers/STM32L1xx_HAL_Driver/Src/stm32l1xx_hal_spi_ex.o
 .debug_line    0x000000000000438e     0x16a5 Drivers/STM32L1xx_HAL_Driver/Src/stm32l1xx_hal_tim.o
 .debug_line    0x0000000000005a33      0x869 Drivers/STM32L1xx_HAL_Driver/Src/stm32l1xx_hal_tim_ex.o
 .debug_line    0x000000000000629c      0xec2 Drivers/STM32L1xx_HAL_Driver/Src/stm32l1xx_hal_uart.o
 .debug_line    0x000000000000715e      0xbf8 Middlewares/Third_Party/FreeRTOS/Source/CMSIS_RTOS/cmsis_os.o
 .debug_line    0x0000000000007d56      0x592 Middlewares/Third_Party/FreeRTOS/Source/list.o
 .debug_line    0x00000000000082e8      0xe2e Middlewares/Third_Party/FreeRTOS/Source/tasks.o
 .debug_line    0x0000000000009116      0x5fe Middlewares/Third_Party/FreeRTOS/Source/portable/GCC/ARM_CM3/port.o
 .debug_line    0x0000000000009714      0x646 Middlewares/Third_Party/FreeRTOS/Source/portable/MemMang/heap_4.o
 .debug_line    0x0000000000009d5a      0xa6f Src/Squashy/gamesys/gamesys.o
 .debug_line    0x000000000000a7c9      0x320 Src/color_palette.o
 .debug_line    0x000000000000aae9      0x310 Src/fonts.o
 .debug_line    0x000000000000adf9      0x3c6 Src/loaded_sprites.o
 .debug_line    0x000000000000b1bf      0xc4e Src/main.o
 .debug_line    0x000000000000be0d      0x821 Src/myHAL.o
 .debug_line    0x000000000000c62e      0xbba Src/ssd1351.o
 .debug_line    0x000000000000d1e8      0x8b4 Src/stm32l1xx_hal_msp.o
 .debug_line    0x000000000000da9c      0x81a Src/stm32l1xx_hal_timebase_tim.o
 .debug_line    0x000000000000e2b6      0xa53 Src/stm32l1xx_it.o
 .debug_line    0x000000000000ed09      0x811 Src/system_stm32l1xx.o
 .debug_line    0x000000000000f51a       0x7d startup/startup_stm32l152xe.o

.debug_str      0x0000000000000000    0x954d5
 .debug_str     0x0000000000000000    0x89aec Drivers/STM32L1xx_HAL_Driver/Src/stm32l1xx_hal.o
                                      0x89e9a (size before relaxing)
 .debug_str     0x0000000000089aec      0x3d0 Drivers/STM32L1xx_HAL_Driver/Src/stm32l1xx_hal_cortex.o
                                      0x89fe5 (size before relaxing)
 .debug_str     0x0000000000089ebc      0x294 Drivers/STM32L1xx_HAL_Driver/Src/stm32l1xx_hal_gpio.o
                                      0x89a68 (size before relaxing)
 .debug_str     0x000000000008a150      0x553 Drivers/STM32L1xx_HAL_Driver/Src/stm32l1xx_hal_rcc.o
                                      0x89deb (size before relaxing)
 .debug_str     0x000000000008a6a3      0x722 Drivers/STM32L1xx_HAL_Driver/Src/stm32l1xx_hal_spi.o
                                      0x89f08 (size before relaxing)
 .debug_str     0x000000000008adc5       0x3b Drivers/STM32L1xx_HAL_Driver/Src/stm32l1xx_hal_spi_ex.o
                                      0x89b52 (size before relaxing)
 .debug_str     0x000000000008ae00      0xe41 Drivers/STM32L1xx_HAL_Driver/Src/stm32l1xx_hal_tim.o
                                      0x8a85e (size before relaxing)
 .debug_str     0x000000000008bc41       0xc7 Drivers/STM32L1xx_HAL_Driver/Src/stm32l1xx_hal_tim_ex.o
                                      0x89bad (size before relaxing)
 .debug_str     0x000000000008bd08      0x4c6 Drivers/STM32L1xx_HAL_Driver/Src/stm32l1xx_hal_uart.o
                                      0x89f09 (size before relaxing)
 .debug_str     0x000000000008c1ce     0x5d1a Middlewares/Third_Party/FreeRTOS/Source/CMSIS_RTOS/cmsis_os.o
                                       0xcb14 (size before relaxing)
 .debug_str     0x0000000000091ee8      0x234 Middlewares/Third_Party/FreeRTOS/Source/list.o
                                       0x9da8 (size before relaxing)
 .debug_str     0x000000000009211c     0x10b7 Middlewares/Third_Party/FreeRTOS/Source/tasks.o
                                       0xbe3b (size before relaxing)
 .debug_str     0x00000000000931d3      0x666 Middlewares/Third_Party/FreeRTOS/Source/portable/GCC/ARM_CM3/port.o
                                       0x7c0d (size before relaxing)
 .debug_str     0x0000000000093839      0x243 Middlewares/Third_Party/FreeRTOS/Source/portable/MemMang/heap_4.o
                                       0xa4e8 (size before relaxing)
 .debug_str     0x0000000000093a7c     0x12d0 Src/Squashy/gamesys/gamesys.o
                                      0x8b1c1 (size before relaxing)
 .debug_str     0x0000000000094d4c       0x3e Src/color_palette.o
                                       0x3c41 (size before relaxing)
 .debug_str     0x0000000000094d8a       0x53 Src/fonts.o
                                       0x3cd0 (size before relaxing)
 .debug_str     0x0000000000094ddd       0x66 Src/loaded_sprites.o
                                       0x6d58 (size before relaxing)
 .debug_str     0x0000000000094e43      0x290 Src/main.o
                                      0x90a4f (size before relaxing)
 .debug_str     0x00000000000950d3       0x46 Src/myHAL.o
                                      0x89ba2 (size before relaxing)
 .debug_str     0x0000000000095119      0x209 Src/ssd1351.o
                                      0x8b000 (size before relaxing)
 .debug_str     0x0000000000095322       0x24 Src/stm32l1xx_hal_msp.o
                                      0x8a436 (size before relaxing)
 .debug_str     0x0000000000095346       0x50 Src/stm32l1xx_hal_timebase_tim.o
                                      0x8a00f (size before relaxing)
 .debug_str     0x0000000000095396       0x9d Src/stm32l1xx_it.o
                                      0x8eee7 (size before relaxing)
 .debug_str     0x0000000000095433       0x72 Src/system_stm32l1xx.o
                                      0x8983f (size before relaxing)
 .debug_str     0x00000000000954a5       0x30 startup/startup_stm32l152xe.o
                                         0x5f (size before relaxing)

.comment        0x0000000000000000       0x7e
 .comment       0x0000000000000000       0x7e Drivers/STM32L1xx_HAL_Driver/Src/stm32l1xx_hal.o
                                         0x7f (size before relaxing)
 .comment       0x000000000000007e       0x7f Drivers/STM32L1xx_HAL_Driver/Src/stm32l1xx_hal_cortex.o
 .comment       0x000000000000007e       0x7f Drivers/STM32L1xx_HAL_Driver/Src/stm32l1xx_hal_gpio.o
 .comment       0x000000000000007e       0x7f Drivers/STM32L1xx_HAL_Driver/Src/stm32l1xx_hal_rcc.o
 .comment       0x000000000000007e       0x7f Drivers/STM32L1xx_HAL_Driver/Src/stm32l1xx_hal_spi.o
 .comment       0x000000000000007e       0x7f Drivers/STM32L1xx_HAL_Driver/Src/stm32l1xx_hal_spi_ex.o
 .comment       0x000000000000007e       0x7f Drivers/STM32L1xx_HAL_Driver/Src/stm32l1xx_hal_tim.o
 .comment       0x000000000000007e       0x7f Drivers/STM32L1xx_HAL_Driver/Src/stm32l1xx_hal_tim_ex.o
 .comment       0x000000000000007e       0x7f Drivers/STM32L1xx_HAL_Driver/Src/stm32l1xx_hal_uart.o
 .comment       0x000000000000007e       0x7f Middlewares/Third_Party/FreeRTOS/Source/CMSIS_RTOS/cmsis_os.o
 .comment       0x000000000000007e       0x7f Middlewares/Third_Party/FreeRTOS/Source/list.o
 .comment       0x000000000000007e       0x7f Middlewares/Third_Party/FreeRTOS/Source/tasks.o
 .comment       0x000000000000007e       0x7f Middlewares/Third_Party/FreeRTOS/Source/portable/GCC/ARM_CM3/port.o
 .comment       0x000000000000007e       0x7f Middlewares/Third_Party/FreeRTOS/Source/portable/MemMang/heap_4.o
 .comment       0x000000000000007e       0x7f Src/Squashy/gamesys/gamesys.o
 .comment       0x000000000000007e       0x7f Src/color_palette.o
 .comment       0x000000000000007e       0x7f Src/fonts.o
 .comment       0x000000000000007e       0x7f Src/loaded_sprites.o
 .comment       0x000000000000007e       0x7f Src/main.o
 .comment       0x000000000000007e       0x7f Src/myHAL.o
 .comment       0x000000000000007e       0x7f Src/ssd1351.o
 .comment       0x000000000000007e       0x7f Src/stm32l1xx_hal_msp.o
 .comment       0x000000000000007e       0x7f Src/stm32l1xx_hal_timebase_tim.o
 .comment       0x000000000000007e       0x7f Src/stm32l1xx_it.o
 .comment       0x000000000000007e       0x7f Src/system_stm32l1xx.o

.debug_frame    0x0000000000000000     0x2f30
 .debug_frame   0x0000000000000000      0x168 Drivers/STM32L1xx_HAL_Driver/Src/stm32l1xx_hal.o
 .debug_frame   0x0000000000000168      0x15c Drivers/STM32L1xx_HAL_Driver/Src/stm32l1xx_hal_cortex.o
 .debug_frame   0x00000000000002c4       0xec Drivers/STM32L1xx_HAL_Driver/Src/stm32l1xx_hal_gpio.o
 .debug_frame   0x00000000000003b0      0x168 Drivers/STM32L1xx_HAL_Driver/Src/stm32l1xx_hal_rcc.o
 .debug_frame   0x0000000000000518      0x3d4 Drivers/STM32L1xx_HAL_Driver/Src/stm32l1xx_hal_spi.o
 .debug_frame   0x00000000000008ec       0x2c Drivers/STM32L1xx_HAL_Driver/Src/stm32l1xx_hal_spi_ex.o
 .debug_frame   0x0000000000000918      0x9c8 Drivers/STM32L1xx_HAL_Driver/Src/stm32l1xx_hal_tim.o
 .debug_frame   0x00000000000012e0       0x3c Drivers/STM32L1xx_HAL_Driver/Src/stm32l1xx_hal_tim_ex.o
 .debug_frame   0x000000000000131c      0x380 Drivers/STM32L1xx_HAL_Driver/Src/stm32l1xx_hal_uart.o
 .debug_frame   0x000000000000169c      0x584 Middlewares/Third_Party/FreeRTOS/Source/CMSIS_RTOS/cmsis_os.o
 .debug_frame   0x0000000000001c20       0x6c Middlewares/Third_Party/FreeRTOS/Source/list.o
 .debug_frame   0x0000000000001c8c      0x4e8 Middlewares/Third_Party/FreeRTOS/Source/tasks.o
 .debug_frame   0x0000000000002174       0xe0 Middlewares/Third_Party/FreeRTOS/Source/portable/GCC/ARM_CM3/port.o
 .debug_frame   0x0000000000002254       0xac Middlewares/Third_Party/FreeRTOS/Source/portable/MemMang/heap_4.o
 .debug_frame   0x0000000000002300      0x138 Src/Squashy/gamesys/gamesys.o
 .debug_frame   0x0000000000002438      0x194 Src/main.o
 .debug_frame   0x00000000000025cc       0x78 Src/myHAL.o
 .debug_frame   0x0000000000002644      0x318 Src/ssd1351.o
 .debug_frame   0x000000000000295c       0xe4 Src/stm32l1xx_hal_msp.o
 .debug_frame   0x0000000000002a40       0x50 Src/stm32l1xx_hal_timebase_tim.o
 .debug_frame   0x0000000000002a90       0x88 Src/stm32l1xx_it.o
 .debug_frame   0x0000000000002b18       0x30 Src/system_stm32l1xx.o
 .debug_frame   0x0000000000002b48       0x2c /home/gecko/Ac6/SystemWorkbench/plugins/fr.ac6.mcu.externaltools.arm-none.linux64_1.16.0.201807130628/tools/compiler/bin/../lib/gcc/arm-none-eabi/7.2.1/../../../../arm-none-eabi/lib/thumb/v7-m/libc_nano.a(lib_a-init.o)
 .debug_frame   0x0000000000002b74       0x30 /home/gecko/Ac6/SystemWorkbench/plugins/fr.ac6.mcu.externaltools.arm-none.linux64_1.16.0.201807130628/tools/compiler/bin/../lib/gcc/arm-none-eabi/7.2.1/../../../../arm-none-eabi/lib/thumb/v7-m/libc_nano.a(lib_a-malloc.o)
 .debug_frame   0x0000000000002ba4       0x28 /home/gecko/Ac6/SystemWorkbench/plugins/fr.ac6.mcu.externaltools.arm-none.linux64_1.16.0.201807130628/tools/compiler/bin/../lib/gcc/arm-none-eabi/7.2.1/../../../../arm-none-eabi/lib/thumb/v7-m/libc_nano.a(lib_a-memcpy-stub.o)
 .debug_frame   0x0000000000002bcc       0x20 /home/gecko/Ac6/SystemWorkbench/plugins/fr.ac6.mcu.externaltools.arm-none.linux64_1.16.0.201807130628/tools/compiler/bin/../lib/gcc/arm-none-eabi/7.2.1/../../../../arm-none-eabi/lib/thumb/v7-m/libc_nano.a(lib_a-memset.o)
 .debug_frame   0x0000000000002bec       0x38 /home/gecko/Ac6/SystemWorkbench/plugins/fr.ac6.mcu.externaltools.arm-none.linux64_1.16.0.201807130628/tools/compiler/bin/../lib/gcc/arm-none-eabi/7.2.1/../../../../arm-none-eabi/lib/thumb/v7-m/libc_nano.a(lib_a-nano-freer.o)
 .debug_frame   0x0000000000002c24       0x2c /home/gecko/Ac6/SystemWorkbench/plugins/fr.ac6.mcu.externaltools.arm-none.linux64_1.16.0.201807130628/tools/compiler/bin/../lib/gcc/arm-none-eabi/7.2.1/../../../../arm-none-eabi/lib/thumb/v7-m/libc_nano.a(lib_a-nano-mallocr.o)
 .debug_frame   0x0000000000002c50       0x2c /home/gecko/Ac6/SystemWorkbench/plugins/fr.ac6.mcu.externaltools.arm-none.linux64_1.16.0.201807130628/tools/compiler/bin/../lib/gcc/arm-none-eabi/7.2.1/../../../../arm-none-eabi/lib/thumb/v7-m/libc_nano.a(lib_a-sbrkr.o)
 .debug_frame   0x0000000000002c7c       0x6c /home/gecko/Ac6/SystemWorkbench/plugins/fr.ac6.mcu.externaltools.arm-none.linux64_1.16.0.201807130628/tools/compiler/bin/../lib/gcc/arm-none-eabi/7.2.1/../../../../arm-none-eabi/lib/thumb/v7-m/libc_nano.a(lib_a-sprintf.o)
 .debug_frame   0x0000000000002ce8       0x30 /home/gecko/Ac6/SystemWorkbench/plugins/fr.ac6.mcu.externaltools.arm-none.linux64_1.16.0.201807130628/tools/compiler/bin/../lib/gcc/arm-none-eabi/7.2.1/../../../../arm-none-eabi/lib/thumb/v7-m/libc_nano.a(lib_a-mlock.o)
 .debug_frame   0x0000000000002d18       0x90 /home/gecko/Ac6/SystemWorkbench/plugins/fr.ac6.mcu.externaltools.arm-none.linux64_1.16.0.201807130628/tools/compiler/bin/../lib/gcc/arm-none-eabi/7.2.1/../../../../arm-none-eabi/lib/thumb/v7-m/libc_nano.a(lib_a-nano-svfprintf.o)